<html>
<body>
<pre>
<h1>µVision Build Log</h1>
<h2>Tool Versions:</h2>
IDE-Version: ¦ÌVision V5.38.0.0
Copyright (C) 2022 ARM Ltd and ARM Germany GmbH. All rights reserved.
License Information: 1 8613277225133, 1, LIC=BUURY-I0P2I-RAGDM-XD6EC-LJ2CN-B26AM
 
Tool Versions:
Toolchain:       MDK-ARM Plus  Version: 5.38.0.0
Toolchain Path:  E:\Keil5\ARM\ARMCC\Bin
C Compiler:      Armcc.exe V5.06 update 7 (build 960)
Assembler:       Armasm.exe V5.06 update 7 (build 960)
Linker/Locator:  ArmLink.exe V5.06 update 7 (build 960)
Library Manager: ArmAr.exe V5.06 update 7 (build 960)
Hex Converter:   FromElf.exe V5.06 update 7 (build 960)
CPU DLL:         SARMCM3.DLL V5.38.0.0
Dialog DLL:      DARMCM1.DLL V1.19.6.0
Target DLL:      CMSIS_AGDI.dll V1.33.15.0
Dialog DLL:      TARMCM1.DLL V1.14.6.0
 
<h2>Project:</h2>
E:\_CM0_Soc\Cortex-M0\keil\USER\CM0.uvprojx
Project File Date:  11/21/2023

<h2>Output:</h2>
*** Using Compiler 'V5.06 update 7 (build 960)', folder: 'E:\Keil5\ARM\ARMCC\Bin'
Build target 'Target 1'
compiling microphone.c...
compiling SG90.c...
compiling flybird.c...
compiling music.c...
compiling main.c...
compiling speech.c...
..\HARDWARE\speech.c(100): warning:  #1-D: last line of file ends without a newline
  }
..\HARDWARE\speech.c: 1 warning, 0 errors
compiling IMU.c...
linking...
Program Size: Code=9572 RO-data=2992 RW-data=128 ZI-data=2064  
After Build - User command #1: fromelf -cvf .\CM0.axf --vhx --32x1 -o CM0.hex
After Build - User command #2: fromelf -cvf .\CM0.axf -o CM0.txt
".\CM0.axf" - 0 Error(s), 1 Warning(s).

<h2>Software Packages used:</h2>

Package Vendor: Keil
                https://www.keil.com/pack/Keil.V2M-MPS2_CMx_BSP.1.8.1.pack
                Keil.V2M-MPS2_CMx_BSP.1.8.1
                ARM V2M-MPS2 Board Support PACK for Cortex-M System Design Kit Devices

<h2>Collection of Component include folders:</h2>
  E:/Keil5/Keil/V2M-MPS2_CMx_BSP/1.8.1/Device/CMSDK_CM0/Include

<h2>Collection of Component Files used:</h2>
Build Time Elapsed:  00:00:05
</pre>
</body>
</html>
