Component: ARM Compiler 5.06 update 7 (build 960) Tool: armlink [4d3601]

==============================================================================

Section Cross References

    startup_cmsdk_cm0.o(STACK) refers (Special) to heapauxi.o(.text) for __use_two_region_memory
    startup_cmsdk_cm0.o(HEAP) refers (Special) to heapauxi.o(.text) for __use_two_region_memory
    startup_cmsdk_cm0.o(RESET) refers (Special) to heapauxi.o(.text) for __use_two_region_memory
    startup_cmsdk_cm0.o(RESET) refers to startup_cmsdk_cm0.o(STACK) for __initial_sp
    startup_cmsdk_cm0.o(RESET) refers to startup_cmsdk_cm0.o(.text) for Reset_Handler
    startup_cmsdk_cm0.o(.text) refers (Special) to heapauxi.o(.text) for __use_two_region_memory
    startup_cmsdk_cm0.o(.text) refers to handler.o(i.UARTRX0Handler) for UARTRX0Handler
    startup_cmsdk_cm0.o(.text) refers to handler.o(i.UARTTX0Handler) for UARTTX0Handler
    startup_cmsdk_cm0.o(.text) refers to imu.o(i.UARTRX1Handler) for UARTRX1Handler
    startup_cmsdk_cm0.o(.text) refers to handler.o(i.UARTTX1Handler) for UARTTX1Handler
    startup_cmsdk_cm0.o(.text) refers to handler.o(i.UARTRX2Handler) for UARTRX2Handler
    startup_cmsdk_cm0.o(.text) refers to handler.o(i.UARTTX2Handler) for UARTTX2Handler
    startup_cmsdk_cm0.o(.text) refers to flybird.o(i.SPTIMER0Handler) for SPTIMER0Handler
    startup_cmsdk_cm0.o(.text) refers to flybird.o(i.SPTIMER1Handler) for SPTIMER1Handler
    startup_cmsdk_cm0.o(.text) refers to speech.o(i.EXITHandler0) for EXITHandler0
    startup_cmsdk_cm0.o(.text) refers to speech.o(i.EXITHandler1) for EXITHandler1
    startup_cmsdk_cm0.o(.text) refers to speech.o(i.EXITHandler2) for EXITHandler2
    startup_cmsdk_cm0.o(.text) refers to speech.o(i.EXITHandler3) for EXITHandler3
    startup_cmsdk_cm0.o(.text) refers to speech.o(i.EXITHandler4) for EXITHandler4
    startup_cmsdk_cm0.o(.text) refers to speech.o(i.EXITHandler5) for EXITHandler5
    startup_cmsdk_cm0.o(.text) refers to speech.o(i.EXITHandler6) for EXITHandler6
    startup_cmsdk_cm0.o(.text) refers to speech.o(i.EXITHandler7) for EXITHandler7
    startup_cmsdk_cm0.o(.text) refers to speech.o(i.EXITHandler8) for EXITHandler8
    startup_cmsdk_cm0.o(.text) refers to speech.o(i.EXITHandler9) for EXITHandler9
    startup_cmsdk_cm0.o(.text) refers to system_cmsdk_cm0.o(i.SystemInit) for SystemInit
    startup_cmsdk_cm0.o(.text) refers to __main.o(!!!main) for __main
    startup_cmsdk_cm0.o(.text) refers to startup_cmsdk_cm0.o(HEAP) for Heap_Mem
    startup_cmsdk_cm0.o(.text) refers to startup_cmsdk_cm0.o(STACK) for Stack_Mem
    system_cmsdk_cm0.o(i.SystemCoreClockUpdate) refers to system_cmsdk_cm0.o(.data) for SystemCoreClock
    system_cmsdk_cm0.o(i.SystemInit) refers to system_cmsdk_cm0.o(.data) for SystemCoreClock
    cm0_uart.o(i.UART_Init) refers to aeabi_sdiv.o(.text) for __aeabi_uidivmod
    cm0_uart.o(i.UART_SendArray) refers to cm0_uart.o(i.UART_SendByte) for UART_SendByte
    cm0_uart.o(i.UART_SendNumber) refers to cm0_uart.o(i.UART_Pow) for UART_Pow
    cm0_uart.o(i.UART_SendNumber) refers to aeabi_sdiv.o(.text) for __aeabi_uidivmod
    cm0_uart.o(i.UART_SendNumber) refers to cm0_uart.o(i.UART_SendByte) for UART_SendByte
    cm0_uart.o(i.UART_SendString) refers to cm0_uart.o(i.UART_SendChar) for UART_SendChar
    handcontroller.o(i.PS2_AnologData) refers to handcontroller.o(.bss) for Data
    handcontroller.o(i.PS2_ClearData) refers to handcontroller.o(.bss) for Data
    handcontroller.o(i.PS2_Cmd) refers to cm0_gpio.o(i.GPIO_SetOutput) for GPIO_SetOutput
    handcontroller.o(i.PS2_Cmd) refers to cm0_gpio.o(i.GPIO_ClrOutput) for GPIO_ClrOutput
    handcontroller.o(i.PS2_Cmd) refers to systick.o(i.delay_us) for delay_us
    handcontroller.o(i.PS2_Cmd) refers to handcontroller.o(.bss) for Data
    handcontroller.o(i.PS2_DataKey) refers to handcontroller.o(i.PS2_ClearData) for PS2_ClearData
    handcontroller.o(i.PS2_DataKey) refers to handcontroller.o(i.PS2_ReadData) for PS2_ReadData
    handcontroller.o(i.PS2_DataKey) refers to handcontroller.o(.bss) for Data
    handcontroller.o(i.PS2_DataKey) refers to handcontroller.o(.data) for Handkey
    handcontroller.o(i.PS2_EnterConfing) refers to cm0_gpio.o(i.GPIO_ClrOutput) for GPIO_ClrOutput
    handcontroller.o(i.PS2_EnterConfing) refers to systick.o(i.delay_us) for delay_us
    handcontroller.o(i.PS2_EnterConfing) refers to handcontroller.o(i.PS2_Cmd) for PS2_Cmd
    handcontroller.o(i.PS2_EnterConfing) refers to cm0_gpio.o(i.GPIO_SetOutput) for GPIO_SetOutput
    handcontroller.o(i.PS2_ExitConfing) refers to cm0_gpio.o(i.GPIO_ClrOutput) for GPIO_ClrOutput
    handcontroller.o(i.PS2_ExitConfing) refers to systick.o(i.delay_us) for delay_us
    handcontroller.o(i.PS2_ExitConfing) refers to handcontroller.o(i.PS2_Cmd) for PS2_Cmd
    handcontroller.o(i.PS2_ExitConfing) refers to cm0_gpio.o(i.GPIO_SetOutput) for GPIO_SetOutput
[...]
    Removing cm0_uart.o(i.UART_GetRxBufferFull), (12 bytes).
    Removing cm0_uart.o(i.UART_GetTxBufferFull), (10 bytes).
    Removing cm0_uart.o(i.UART_OvrIRQInit), (30 bytes).
    Removing cm0_uart.o(i.UART_Pow), (24 bytes).
    Removing cm0_uart.o(i.UART_ReceiveChar), (20 bytes).
    Removing cm0_uart.o(i.UART_SendChar), (16 bytes).
    Removing cm0_uart.o(i.UART_SendNumber), (60 bytes).
    Removing cm0_uart.o(i.UART_SendString), (30 bytes).
    Removing handcontroller.o(.rev16_text), (4 bytes).
    Removing handcontroller.o(.revsh_text), (4 bytes).
    Removing handcontroller.o(i.PS2_RedLight), (68 bytes).
    Removing handcontroller.o(i.PS2_Vibration), (100 bytes).
    Removing handcontroller.o(i.PS2_VibrationMode), (72 bytes).
    Removing oled.o(.rev16_text), (4 bytes).
    Removing oled.o(.revsh_text), (4 bytes).
    Removing oled.o(i.OLED_CLR_Body), (38 bytes).
    Removing oled.o(i.OLED_DisPlay_Off), (28 bytes).
    Removing oled.o(i.OLED_DisPlay_On), (28 bytes).
    Removing oled.o(i.OLED_DisplayTurn), (46 bytes).
    Removing oled.o(i.OLED_DrawCircle), (170 bytes).
    Removing oled.o(i.OLED_DrawLine), (180 bytes).
    Removing oled.o(i.OLED_ScrollDisplay), (176 bytes).
    Removing oled.o(i.OLED_Set_Pos), (46 bytes).
    Removing oled.o(i.OLED_ShowChinese), (268 bytes).
    Removing oled.o(i.OLED_ShowPicture), (208 bytes).
    Removing oled.o(i.OLED_SnakeBody), (44 bytes).
    Removing seg.o(.rev16_text), (4 bytes).
    Removing seg.o(.revsh_text), (4 bytes).
    Removing seg.o(i.Seg_DISABLE), (12 bytes).
    Removing seg.o(i.Seg_DrawData), (12 bytes).
    Removing seg.o(i.Seg_ENABLE), (12 bytes).
    Removing music.o(.rev16_text), (4 bytes).
    Removing music.o(.revsh_text), (4 bytes).
    Removing imu.o(.rev16_text), (4 bytes).
    Removing imu.o(.revsh_text), (4 bytes).
    Removing microphone.o(.rev16_text), (4 bytes).
    Removing microphone.o(.revsh_text), (4 bytes).
    Removing sg90.o(.rev16_text), (4 bytes).
    Removing sg90.o(.revsh_text), (4 bytes).
    Removing speech.o(.rev16_text), (4 bytes).
    Removing speech.o(.revsh_text), (4 bytes).
    Removing main.o(.rev16_text), (4 bytes).
    Removing main.o(.revsh_text), (4 bytes).
    Removing main.o(i.OLED_Angle_value), (96 bytes).
    Removing systick.o(.rev16_text), (4 bytes).
    Removing systick.o(.revsh_text), (4 bytes).
    Removing flybird.o(.rev16_text), (4 bytes).
    Removing flybird.o(.revsh_text), (4 bytes).
    Removing flybird.o(i.First_Custom_Go), (12 bytes).
    Removing flybird.o(i.GetGameScore), (12 bytes).
    Removing flybird.o(i.GetGameSobel), (12 bytes).
    Removing flybird.o(i.NoneButton), (44 bytes).

135 unused section(s) (total 2976 bytes) removed from the image.

==============================================================================

Image Symbol Table

    Local Symbols

    Symbol Name                              Value     Ov Type        Size  Object(Section)

    RESET                                    0x00000000   Section      132  startup_cmsdk_cm0.o(RESET)
    ../clib/angel/boardlib.s                 0x00000000   Number         0  boardshut.o ABSOLUTE
    ../clib/angel/boardlib.s                 0x00000000   Number         0  boardinit3.o ABSOLUTE
    ../clib/angel/boardlib.s                 0x00000000   Number         0  boardinit2.o ABSOLUTE
    ../clib/angel/boardlib.s                 0x00000000   Number         0  boardinit1.o ABSOLUTE
    ../clib/angel/handlers.s                 0x00000000   Number         0  __scatter_copy.o ABSOLUTE
    ../clib/angel/handlers.s                 0x00000000   Number         0  __scatter_zi.o ABSOLUTE
    ../clib/angel/kernel.s                   0x00000000   Number         0  rtexit.o ABSOLUTE
    ../clib/angel/kernel.s                   0x00000000   Number         0  rtexit2.o ABSOLUTE
    ../clib/angel/kernel.s                   0x00000000   Number         0  __rtentry4.o ABSOLUTE
    ../clib/angel/kernel.s                   0x00000000   Number         0  __rtentry2.o ABSOLUTE
    ../clib/angel/kernel.s                   0x00000000   Number         0  __rtentry.o ABSOLUTE
    ../clib/angel/rt.s                       0x00000000   Number         0  rt_raise.o ABSOLUTE
    ../clib/angel/rt.s                       0x00000000   Number         0  aeabi_idiv0.o ABSOLUTE
    ../clib/angel/rt.s                       0x00000000   Number         0  rt_div0.o ABSOLUTE
    ../clib/angel/rt.s                       0x00000000   Number         0  aeabi_idiv0_sigfpe.o ABSOLUTE
    ../clib/angel/scatterp.s                 0x00000000   Number         0  __scatter.o ABSOLUTE
    ../clib/angel/startup.s                  0x00000000   Number         0  __main.o ABSOLUTE
    ../clib/angel/sys.s                      0x00000000   Number         0  use_no_semi.o ABSOLUTE
    ../clib/angel/sys.s                      0x00000000   Number         0  indicate_semi.o ABSOLUTE
    ../clib/angel/sys.s                      0x00000000   Number         0  sys_stackheap_outer.o ABSOLUTE
    ../clib/angel/sys.s                      0x00000000   Number         0  tempstk.o ABSOLUTE
    ../clib/angel/sys.s                      0x00000000   Number         0  libspace.o ABSOLUTE
    ../clib/angel/sysapp.c                   0x00000000   Number         0  sys_wrch.o ABSOLUTE
    ../clib/angel/sysapp.c                   0x00000000   Number         0  sys_exit.o ABSOLUTE
    ../clib/angel/sysapp.c                   0x00000000   Number         0  sys_command.o ABSOLUTE
    ../clib/armsys.c                         0x00000000   Number         0  no_argv.o ABSOLUTE
    ../clib/armsys.c                         0x00000000   Number         0  _get_argv_nomalloc.o ABSOLUTE
    ../clib/armsys.c                         0x00000000   Number         0  argv_veneer.o ABSOLUTE
    ../clib/division.s                       0x00000000   Number         0  aeabi_sdiv.o ABSOLUTE
    ../clib/division.s                       0x00000000   Number         0  aeabi_sdiv_div0.o ABSOLUTE
    ../clib/heapalloc.c                      0x00000000   Number         0  hrguard.o ABSOLUTE
    ../clib/heapaux.c                        0x00000000   Number         0  heapauxi.o ABSOLUTE
    ../clib/libinit.s                        0x00000000   Number         0  libshutdown.o ABSOLUTE
    ../clib/libinit.s                        0x00000000   Number         0  libinit2.o ABSOLUTE
    ../clib/libinit.s                        0x00000000   Number         0  libshutdown2.o ABSOLUTE
    ../clib/libinit.s                        0x00000000   Number         0  libinit.o ABSOLUTE
    ../clib/signal.c                         0x00000000   Number         0  defsig_abrt_inner.o ABSOLUTE
    ../clib/signal.c                         0x00000000   Number         0  defsig_fpe_inner.o ABSOLUTE
    ../clib/signal.c                         0x00000000   Number         0  defsig_exit.o ABSOLUTE
    ../clib/signal.c                         0x00000000   Number         0  defsig_other.o ABSOLUTE
    ../clib/signal.c                         0x00000000   Number         0  __raise.o ABSOLUTE
    ../clib/signal.c                         0x00000000   Number         0  defsig_general.o ABSOLUTE
    ../clib/signal.c                         0x00000000   Number         0  defsig_fpe_formal.o ABSOLUTE
    ../clib/signal.c                         0x00000000   Number         0  defsig_pvfn_inner.o ABSOLUTE
    ../clib/signal.c                         0x00000000   Number         0  defsig_cppl_inner.o ABSOLUTE
    ../clib/signal.c                         0x00000000   Number         0  defsig_fpe_outer.o ABSOLUTE
    ../clib/signal.c                         0x00000000   Number         0  defsig_rtmem_outer.o ABSOLUTE
    ../clib/signal.c                         0x00000000   Number         0  defsig_rtmem_formal.o ABSOLUTE
    ../clib/signal.c                         0x00000000   Number         0  defsig_stak_inner.o ABSOLUTE
    ../clib/signal.c                         0x00000000   Number         0  defsig_segv_inner.o ABSOLUTE
    ../clib/signal.c                         0x00000000   Number         0  defsig_rtred_inner.o ABSOLUTE
    ../clib/signal.c                         0x00000000   Number         0  defsig_rtmem_inner.o ABSOLUTE
    ../clib/signal.s                         0x00000000   Number         0  defsig.o ABSOLUTE
    ../clib/stdlib.c                         0x00000000   Number         0  exit.o ABSOLUTE
    ../fplib/cfplib/cmpret.c                 0x00000000   Number         0  cmpret.o ABSOLUTE
    ../fplib/cfplib/fcmpin.c                 0x00000000   Number         0  fcmpin.o ABSOLUTE
    ../fplib/cfplib/fdiv.c                   0x00000000   Number         0  fdiv.o ABSOLUTE
    ../fplib/cfplib/ffix.c                   0x00000000   Number         0  ffixui.o ABSOLUTE
    ../fplib/cfplib/fflt.c                   0x00000000   Number         0  fflti.o ABSOLUTE
    ../fplib/cfplib/fpinit.c                 0x00000000   Number         0  fpinit.o ABSOLUTE
    ../fplib/cfplib/nan2.c                   0x00000000   Number         0  fnan2.o ABSOLUTE
    ../fplib/cfplib/retnan.c                 0x00000000   Number         0  retnan.o ABSOLUTE
    ../fplib/fleqf6m.s                       0x00000000   Number         0  flef.o ABSOLUTE
    ../fplib/fmul6m.s                        0x00000000   Number         0  fmul.o ABSOLUTE
    ../fplib/frleqf6m.s                      0x00000000   Number         0  frlef.o ABSOLUTE
    ../fplib/usenofp.s                       0x00000000   Number         0  usenofp.o ABSOLUTE
    ..\CORE\startup_CMSDK_CM0.s              0x00000000   Number         0  startup_cmsdk_cm0.o ABSOLUTE
    ..\FWLIB\cm0_gpio.c                      0x00000000   Number         0  cm0_gpio.o ABSOLUTE
    ..\FWLIB\cm0_timer.c                     0x00000000   Number         0  cm0_timer.o ABSOLUTE
    ..\FWLIB\cm0_uart.c                      0x00000000   Number         0  cm0_uart.o ABSOLUTE
    ..\FWLIB\simple_timer.c                  0x00000000   Number         0  simple_timer.o ABSOLUTE
    ..\FWLIB\src\CMSDK_driver.c              0x00000000   Number         0  cmsdk_driver.o ABSOLUTE
    ..\FWLIB\src\system_CMSDK_CM0.c          0x00000000   Number         0  system_cmsdk_cm0.o ABSOLUTE
    ..\Games\flybird.c                       0x00000000   Number         0  flybird.o ABSOLUTE
    ..\HARDWARE\Handcontroller.c             0x00000000   Number         0  handcontroller.o ABSOLUTE
    ..\HARDWARE\IMU.c                        0x00000000   Number         0  imu.o ABSOLUTE
    ..\HARDWARE\SG90.c                       0x00000000   Number         0  sg90.o ABSOLUTE
    ..\HARDWARE\microphone.c                 0x00000000   Number         0  microphone.o ABSOLUTE
    ..\HARDWARE\music.c                      0x00000000   Number         0  music.o ABSOLUTE
    ..\HARDWARE\oled.c                       0x00000000   Number         0  oled.o ABSOLUTE
    ..\HARDWARE\seg.c                        0x00000000   Number         0  seg.o ABSOLUTE
    ..\HARDWARE\speech.c                     0x00000000   Number         0  speech.o ABSOLUTE
    ..\System\Systick.c                      0x00000000   Number         0  systick.o ABSOLUTE
    ..\System\handler.c                      0x00000000   Number         0  handler.o ABSOLUTE
    ..\\FWLIB\\cm0_gpio.c                    0x00000000   Number         0  cm0_gpio.o ABSOLUTE
    ..\\FWLIB\\cm0_timer.c                   0x00000000   Number         0  cm0_timer.o ABSOLUTE
    ..\\FWLIB\\cm0_uart.c                    0x00000000   Number         0  cm0_uart.o ABSOLUTE
    ..\\FWLIB\\simple_timer.c                0x00000000   Number         0  simple_timer.o ABSOLUTE
    ..\\FWLIB\\src\\CMSDK_driver.c           0x00000000   Number         0  cmsdk_driver.o ABSOLUTE
    ..\\FWLIB\\src\\system_CMSDK_CM0.c       0x00000000   Number         0  system_cmsdk_cm0.o ABSOLUTE
    ..\\Games\\flybird.c                     0x00000000   Number         0  flybird.o ABSOLUTE
    ..\\HARDWARE\\Handcontroller.c           0x00000000   Number         0  handcontroller.o ABSOLUTE
    ..\\HARDWARE\\IMU.c                      0x00000000   Number         0  imu.o ABSOLUTE
    ..\\HARDWARE\\SG90.c                     0x00000000   Number         0  sg90.o ABSOLUTE
    ..\\HARDWARE\\microphone.c               0x00000000   Number         0  microphone.o ABSOLUTE
    ..\\HARDWARE\\music.c                    0x00000000   Number         0  music.o ABSOLUTE
    ..\\HARDWARE\\oled.c                     0x00000000   Number         0  oled.o ABSOLUTE
    ..\\HARDWARE\\seg.c                      0x00000000   Number         0  seg.o ABSOLUTE
    ..\\HARDWARE\\speech.c                   0x00000000   Number         0  speech.o ABSOLUTE
    ..\\System\\Systick.c                    0x00000000   Number         0  systick.o ABSOLUTE
    dc.s                                     0x00000000   Number         0  dc.o ABSOLUTE
    main.c                                   0x00000000   Number         0  main.o ABSOLUTE
    main.c                                   0x00000000   Number         0  main.o ABSOLUTE
    !!!main                                  0x00000084   Section        8  __main.o(!!!main)
    !!!scatter                               0x0000008c   Section       60  __scatter.o(!!!scatter)
    !!handler_copy                           0x000000c8   Section       26  __scatter_copy.o(!!handler_copy)
    !!handler_zi                             0x000000e4   Section       28  __scatter_zi.o(!!handler_zi)
    .ARM.Collect$$libinit$$00000000          0x00000100   Section        2  libinit.o(.ARM.Collect$$libinit$$00000000)
    .ARM.Collect$$libinit$$00000002          0x00000102   Section        0  libinit2.o(.ARM.Collect$$libinit$$00000002)
    .ARM.Collect$$libinit$$00000004          0x00000102   Section        0  libinit2.o(.ARM.Collect$$libinit$$00000004)
    .ARM.Collect$$libinit$$0000000A          0x00000102   Section        0  libinit2.o(.ARM.Collect$$libinit$$0000000A)
    .ARM.Collect$$libinit$$0000000C          0x00000102   Section        0  libinit2.o(.ARM.Collect$$libinit$$0000000C)
    .ARM.Collect$$libinit$$0000000E          0x00000102   Section        0  libinit2.o(.ARM.Collect$$libinit$$0000000E)
    .ARM.Collect$$libinit$$00000011          0x00000102   Section        0  libinit2.o(.ARM.Collect$$libinit$$00000011)
    .ARM.Collect$$libinit$$00000013          0x00000102   Section        0  libinit2.o(.ARM.Collect$$libinit$$00000013)
    .ARM.Collect$$libinit$$00000015          0x00000102   Section        0  libinit2.o(.ARM.Collect$$libinit$$00000015)
    .ARM.Collect$$libinit$$00000017          0x00000102   Section        0  libinit2.o(.ARM.Collect$$libinit$$00000017)
    .ARM.Collect$$libinit$$00000019          0x00000102   Section        0  libinit2.o(.ARM.Collect$$libinit$$00000019)
    .ARM.Collect$$libinit$$0000001B          0x00000102   Section        0  libinit2.o(.ARM.Collect$$libinit$$0000001B)
    .ARM.Collect$$libinit$$0000001D          0x00000102   Section        0  libinit2.o(.ARM.Collect$$libinit$$0000001D)
    .ARM.Collect$$libinit$$0000001F          0x00000102   Section        0  libinit2.o(.ARM.Collect$$libinit$$0000001F)
    .ARM.Collect$$libinit$$00000021          0x00000102   Section        0  libinit2.o(.ARM.Collect$$libinit$$00000021)
    .ARM.Collect$$libinit$$00000023          0x00000102   Section        0  libinit2.o(.ARM.Collect$$libinit$$00000023)
    .ARM.Collect$$libinit$$00000025          0x00000102   Section        0  libinit2.o(.ARM.Collect$$libinit$$00000025)
    .ARM.Collect$$libinit$$0000002C          0x00000102   Section        0  libinit2.o(.ARM.Collect$$libinit$$0000002C)
    .ARM.Collect$$libinit$$0000002E          0x00000102   Section        0  libinit2.o(.ARM.Collect$$libinit$$0000002E)
    .ARM.Collect$$libinit$$00000030          0x00000102   Section        0  libinit2.o(.ARM.Collect$$libinit$$00000030)
    .ARM.Collect$$libinit$$00000032          0x00000102   Section        0  libinit2.o(.ARM.Collect$$libinit$$00000032)
    .ARM.Collect$$libinit$$00000033          0x00000102   Section        2  libinit2.o(.ARM.Collect$$libinit$$00000033)
    .ARM.Collect$$libshutdown$$00000000      0x00000104   Section        2  libshutdown.o(.ARM.Collect$$libshutdown$$00000000)
    .ARM.Collect$$libshutdown$$00000002      0x00000106   Section        0  libshutdown2.o(.ARM.Collect$$libshutdown$$00000002)
    .ARM.Collect$$libshutdown$$00000004      0x00000106   Section        0  libshutdown2.o(.ARM.Collect$$libshutdown$$00000004)
    .ARM.Collect$$libshutdown$$00000006      0x00000106   Section        0  libshutdown2.o(.ARM.Collect$$libshutdown$$00000006)
    .ARM.Collect$$libshutdown$$00000009      0x00000106   Section        0  libshutdown2.o(.ARM.Collect$$libshutdown$$00000009)
    .ARM.Collect$$libshutdown$$0000000C      0x00000106   Section        0  libshutdown2.o(.ARM.Collect$$libshutdown$$0000000C)
    .ARM.Collect$$libshutdown$$0000000E      0x00000106   Section        0  libshutdown2.o(.ARM.Collect$$libshutdown$$0000000E)
    .ARM.Collect$$libshutdown$$00000011      0x00000106   Section        0  libshutdown2.o(.ARM.Collect$$libshutdown$$00000011)
    .ARM.Collect$$libshutdown$$00000012      0x00000106   Section        2  libshutdown2.o(.ARM.Collect$$libshutdown$$00000012)
    .ARM.Collect$$rtentry$$00000000          0x00000108   Section        0  __rtentry.o(.ARM.Collect$$rtentry$$00000000)
    .ARM.Collect$$rtentry$$00000002          0x00000108   Section        0  __rtentry2.o(.ARM.Collect$$rtentry$$00000002)
    .ARM.Collect$$rtentry$$00000004          0x00000108   Section        6  __rtentry4.o(.ARM.Collect$$rtentry$$00000004)
    .ARM.Collect$$rtentry$$00000009          0x0000010e   Section        0  __rtentry2.o(.ARM.Collect$$rtentry$$00000009)
    .ARM.Collect$$rtentry$$0000000A          0x0000010e   Section        4  __rtentry2.o(.ARM.Collect$$rtentry$$0000000A)
    .ARM.Collect$$rtentry$$0000000C          0x00000112   Section        0  __rtentry2.o(.ARM.Collect$$rtentry$$0000000C)
    .ARM.Collect$$rtentry$$0000000D          0x00000112   Section        8  __rtentry2.o(.ARM.Collect$$rtentry$$0000000D)
    .ARM.Collect$$rtexit$$00000000           0x0000011a   Section        2  rtexit.o(.ARM.Collect$$rtexit$$00000000)
    .ARM.Collect$$rtexit$$00000002           0x0000011c   Section        0  rtexit2.o(.ARM.Collect$$rtexit$$00000002)
    .ARM.Collect$$rtexit$$00000003           0x0000011c   Section        4  rtexit2.o(.ARM.Collect$$rtexit$$00000003)
    .ARM.Collect$$rtexit$$00000004           0x00000120   Section        6  rtexit2.o(.ARM.Collect$$rtexit$$00000004)
    .text                                    0x00000128   Section      204  startup_cmsdk_cm0.o(.text)
    .text                                    0x000001f4   Section      346  aeabi_sdiv.o(.text)
    .text                                    0x0000034e   Section        0  heapauxi.o(.text)
    .text                                    0x00000354   Section        0  fdiv.o(.text)
    .text                                    0x000004b4   Section        0  ffixui.o(.text)
    .text                                    0x000004e4   Section        0  fflti.o(.text)
    .text                                    0x00000544   Section        0  fcmpin.o(.text)
    .text                                    0x000005a8   Section        0  cmpret.o(.text)
    .text                                    0x000005d8   Section        0  fnan2.o(.text)
    .text                                    0x000005e8   Section       62  sys_stackheap_outer.o(.text)
    .text                                    0x00000626   Section        0  exit.o(.text)
    .text                                    0x00000636   Section        0  retnan.o(.text)
    .text                                    0x00000694   Section        8  libspace.o(.text)
    .text                                    0x0000069c   Section        0  sys_exit.o(.text)
    .text                                    0x000006a8   Section        2  use_no_semi.o(.text)
    .text                                    0x000006aa   Section        0  indicate_semi.o(.text)
    i.Bird1Down                              0x000006ac   Section        0  flybird.o(i.Bird1Down)
    i.Bird1Down_Disable                      0x000006b8   Section        0  flybird.o(i.Bird1Down_Disable)
    i.Bird1Left                              0x000006c4   Section        0  flybird.o(i.Bird1Left)
    i.Bird1Left_Disable                      0x000006d0   Section        0  flybird.o(i.Bird1Left_Disable)
    i.Bird1Right                             0x000006dc   Section        0  flybird.o(i.Bird1Right)
    i.Bird1Right_Disable                     0x000006e8   Section        0  flybird.o(i.Bird1Right_Disable)
    i.Bird1Up                                0x000006f4   Section        0  flybird.o(i.Bird1Up)
    i.Bird1Up_Disable                        0x00000700   Section        0  flybird.o(i.Bird1Up_Disable)
    i.Bird1_Control                          0x0000070c   Section        0  flybird.o(i.Bird1_Control)
    i.Bird2Down                              0x00000794   Section        0  flybird.o(i.Bird2Down)
    i.Bird2Down_Disable                      0x000007a0   Section        0  flybird.o(i.Bird2Down_Disable)
    i.Bird2Left                              0x000007ac   Section        0  flybird.o(i.Bird2Left)
    i.Bird2Left_Disable                      0x000007b8   Section        0  flybird.o(i.Bird2Left_Disable)
    i.Bird2Right                             0x000007c4   Section        0  flybird.o(i.Bird2Right)
    i.Bird2Right_Disable                     0x000007d0   Section        0  flybird.o(i.Bird2Right_Disable)
    i.Bird2Up                                0x000007dc   Section        0  flybird.o(i.Bird2Up)
    i.Bird2Up_Disable                        0x000007e8   Section        0  flybird.o(i.Bird2Up_Disable)
    i.Bird2_Control                          0x000007f4   Section        0  imu.o(i.Bird2_Control)
    i.Custom2_Map_Control                    0x000008f8   Section        0  sg90.o(i.Custom2_Map_Control)
    i.EXITHandler0                           0x000009b4   Section        0  speech.o(i.EXITHandler0)
    i.EXITHandler1                           0x000009ca   Section        0  speech.o(i.EXITHandler1)
    i.EXITHandler2                           0x000009de   Section        0  speech.o(i.EXITHandler2)
    i.EXITHandler3                           0x00000a08   Section        0  speech.o(i.EXITHandler3)
    i.EXITHandler4                           0x00000a10   Section        0  speech.o(i.EXITHandler4)
    i.EXITHandler5                           0x00000a30   Section        0  speech.o(i.EXITHandler5)
    i.EXITHandler6                           0x00000a64   Section        0  speech.o(i.EXITHandler6)
    i.EXITHandler7                           0x00000a74   Section        0  speech.o(i.EXITHandler7)
    i.EXITHandler8                           0x00000a80   Section        0  speech.o(i.EXITHandler8)
    i.EXITHandler9                           0x00000a8c   Section        0  speech.o(i.EXITHandler9)
    i.Fourth_Control                         0x00000a98   Section        0  flybird.o(i.Fourth_Control)
    i.GPIO_ClrOutput                         0x00000aec   Section        0  cm0_gpio.o(i.GPIO_ClrOutput)
    i.GPIO_Init                              0x00000af4   Section        0  cm0_gpio.o(i.GPIO_Init)
    i.GPIO_SetOutput                         0x00000b82   Section        0  cm0_gpio.o(i.GPIO_SetOutput)
    i.GameBgm                                0x00000b8c   Section        0  music.o(i.GameBgm)
    i.GameInit                               0x00000dd4   Section        0  flybird.o(i.GameInit)
    i.Game_Cancle                            0x00000de8   Section        0  flybird.o(i.Game_Cancle)
    i.Game_Continue                          0x00000df4   Section        0  flybird.o(i.Game_Continue)
    i.Game_Method                            0x00000e00   Section        0  flybird.o(i.Game_Method)
    i.Game_Pause                             0x00000e0c   Section        0  flybird.o(i.Game_Pause)
    i.Game_Restart                           0x00000e18   Section        0  flybird.o(i.Game_Restart)
    i.Game_Start                             0x00000e34   Section        0  flybird.o(i.Game_Start)
    i.GetAngle                               0x00000e40   Section        0  microphone.o(i.GetAngle)
    i.GetDownFirstCnt                        0x00000f0c   Section        0  microphone.o(i.GetDownFirstCnt)
    i.GetGameMode                            0x00000f18   Section        0  flybird.o(i.GetGameMode)
    i.GetGameState                           0x00000f24   Section        0  flybird.o(i.GetGameState)
    i.GetLeftFirstCnt                        0x00000f30   Section        0  microphone.o(i.GetLeftFirstCnt)
    i.GetLeftRightState                      0x00000f3c   Section        0  microphone.o(i.GetLeftRightState)
    i.GetPauseMode                           0x00000f48   Section        0  flybird.o(i.GetPauseMode)
    i.GetRightFirstCnt                       0x00000f54   Section        0  microphone.o(i.GetRightFirstCnt)
    i.GetUpDownState                         0x00000f60   Section        0  microphone.o(i.GetUpDownState)
    i.GetUpFirstCnt                          0x00000f6c   Section        0  microphone.o(i.GetUpFirstCnt)
    i.IMU_init                               0x00000f78   Section        0  imu.o(i.IMU_init)
    i.NVIC_EnableIRQ                         0x00000fa8   Section        0  speech.o(i.NVIC_EnableIRQ)
    NVIC_EnableIRQ                           0x00000fa9   Thumb Code    14  speech.o(i.NVIC_EnableIRQ)
    i.NVIC_EnableIRQ                         0x00000fbc   Section        0  main.o(i.NVIC_EnableIRQ)
    NVIC_EnableIRQ                           0x00000fbd   Thumb Code    14  main.o(i.NVIC_EnableIRQ)
    i.OLED_Angle                             0x00000fd0   Section        0  main.o(i.OLED_Angle)
    i.OLED_Clear                             0x00000ff0   Section        0  oled.o(i.OLED_Clear)
    i.OLED_ColorTurn                         0x00001020   Section        0  oled.o(i.OLED_ColorTurn)
    i.OLED_DrawPoint                         0x00001040   Section        0  oled.o(i.OLED_DrawPoint)
    i.OLED_Init                              0x000010b8   Section        0  oled.o(i.OLED_Init)
    i.OLED_PS2                               0x000011d0   Section        0  main.o(i.OLED_PS2)
    i.OLED_Pow                               0x00001208   Section        0  oled.o(i.OLED_Pow)
    i.OLED_Refresh                           0x00001224   Section        0  oled.o(i.OLED_Refresh)
    i.OLED_ShowChar                          0x00001270   Section        0  oled.o(i.OLED_ShowChar)
    i.OLED_ShowNum                           0x00001374   Section        0  oled.o(i.OLED_ShowNum)
    i.OLED_ShowScore                         0x00001410   Section        0  main.o(i.OLED_ShowScore)
    i.OLED_ShowString                        0x00001444   Section        0  oled.o(i.OLED_ShowString)
    i.OLED_Showgyro                          0x00001490   Section        0  main.o(i.OLED_Showgyro)
    i.OLED_WR_Byte                           0x0000158c   Section        0  oled.o(i.OLED_WR_Byte)
    i.PS2_AnologData                         0x000015fc   Section        0  handcontroller.o(i.PS2_AnologData)
    i.PS2_ClearData                          0x00001608   Section        0  handcontroller.o(i.PS2_ClearData)
    i.PS2_Cmd                                0x00001620   Section        0  handcontroller.o(i.PS2_Cmd)
    i.PS2_DataKey                            0x000016bc   Section        0  handcontroller.o(i.PS2_DataKey)
    i.PS2_EnterConfing                       0x00001710   Section        0  handcontroller.o(i.PS2_EnterConfing)
    i.PS2_ExitConfing                        0x00001770   Section        0  handcontroller.o(i.PS2_ExitConfing)
    i.PS2_Init                               0x000017d0   Section        0  handcontroller.o(i.PS2_Init)
    i.PS2_ReadData                           0x000017ec   Section        0  handcontroller.o(i.PS2_ReadData)
    i.PS2_SetInit                            0x000018a8   Section        0  handcontroller.o(i.PS2_SetInit)
    i.PS2_ShortPoll                          0x000018c4   Section        0  handcontroller.o(i.PS2_ShortPoll)
    i.PS2_TurnOnAnalogMode                   0x0000190c   Section        0  handcontroller.o(i.PS2_TurnOnAnalogMode)
    i.SG90_Init                              0x00001964   Section        0  sg90.o(i.SG90_Init)
    i.SPTIMER0Handler                        0x00001974   Section        0  flybird.o(i.SPTIMER0Handler)
    i.SPTIMER1Handler                        0x000019c0   Section        0  flybird.o(i.SPTIMER1Handler)
    i.Servo_Control                          0x00001df0   Section        0  flybird.o(i.Servo_Control)
    i.SetGameMode                            0x00001eac   Section        0  flybird.o(i.SetGameMode)
    i.SetGameSobel                           0x00001eb8   Section        0  flybird.o(i.SetGameSobel)
    i.SetPauseMode                           0x00001ec4   Section        0  flybird.o(i.SetPauseMode)
    i.SetSG90                                0x00001ed0   Section        0  sg90.o(i.SetSG90)
    i.SimpleTimer_Init                       0x00001efc   Section        0  simple_timer.o(i.SimpleTimer_Init)
    i.Speech_Init                            0x00001f02   Section        0  speech.o(i.Speech_Init)
    i.SystemInit                             0x00001f3c   Section        0  system_cmsdk_cm0.o(i.SystemInit)
    i.Third_Custom_Go                        0x00001f4c   Section        0  flybird.o(i.Third_Custom_Go)
    i.UARTRX0Handler                         0x00001f58   Section        0  handler.o(i.UARTRX0Handler)
    i.UARTRX1Handler                         0x00001f5c   Section        0  imu.o(i.UARTRX1Handler)
    i.UARTRX2Handler                         0x00002170   Section        0  handler.o(i.UARTRX2Handler)
    i.UARTTX0Handler                         0x00002172   Section        0  handler.o(i.UARTTX0Handler)
    i.UARTTX1Handler                         0x00002174   Section        0  handler.o(i.UARTTX1Handler)
    i.UARTTX2Handler                         0x00002176   Section        0  handler.o(i.UARTTX2Handler)
    i.UART_ClearRxIRQ                        0x00002178   Section        0  cm0_uart.o(i.UART_ClearRxIRQ)
    i.UART_IRQInit                           0x0000217e   Section        0  cm0_uart.o(i.UART_IRQInit)
    i.UART_Init                              0x0000219c   Section        0  cm0_uart.o(i.UART_Init)
    i.UART_ReceiveByte                       0x000021ec   Section        0  cm0_uart.o(i.UART_ReceiveByte)
    i.UART_SendArray                         0x00002200   Section        0  cm0_uart.o(i.UART_SendArray)
    i.UART_SendByte                          0x0000221e   Section        0  cm0_uart.o(i.UART_SendByte)
    i.delay_ms                               0x00002230   Section        0  systick.o(i.delay_ms)
    i.delay_us                               0x00002278   Section        0  systick.o(i.delay_us)
    i.fill_uint16_bigend                     0x000022bc   Section        0  music.o(i.fill_uint16_bigend)
    fill_uint16_bigend                       0x000022bd   Thumb Code     8  music.o(i.fill_uint16_bigend)
    i.main                                   0x000022c4   Section        0  main.o(i.main)
    i.mp3_Init                               0x000023a8   Section        0  music.o(i.mp3_Init)
    i.mp3_fill_checksum                      0x00002408   Section        0  music.o(i.mp3_fill_checksum)
    i.mp3_get_checksum                       0x00002424   Section        0  music.o(i.mp3_get_checksum)
    i.mp3_send_cmd                           0x00002440   Section        0  music.o(i.mp3_send_cmd)
    i.send_func                              0x00002474   Section        0  music.o(i.send_func)
    x$fpl$fleqf                              0x0000248c   Section       84  flef.o(x$fpl$fleqf)
    x$fpl$fmul                               0x000024e0   Section      176  fmul.o(x$fpl$fmul)
    x$fpl$frleqf                             0x00002590   Section       88  frlef.o(x$fpl$frleqf)
    .constdata                               0x000025e8   Section     2764  oled.o(.constdata)
    x$fpl$usenofp                            0x000025e8   Section        0  usenofp.o(x$fpl$usenofp)
    .constdata                               0x000030b4   Section       64  fdiv.o(.constdata)
    fdiv_tab                                 0x000030b4   Data          64  fdiv.o(.constdata)
    .data                                    0x20000000   Section        8  system_cmsdk_cm0.o(.data)
    .data                                    0x20000008   Section       36  handcontroller.o(.data)
    .data                                    0x2000002c   Section        8  music.o(.data)
    .data                                    0x20000034   Section       23  imu.o(.data)
    RxCounter1                               0x20000048   Data           1  imu.o(.data)
    RxState                                  0x20000049   Data           1  imu.o(.data)
    RxFlag1                                  0x2000004a   Data           1  imu.o(.data)
    .data                                    0x2000004b   Section        1  microphone.o(.data)
    .data                                    0x2000004c   Section       16  sg90.o(.data)
    .data                                    0x2000005c   Section       34  flybird.o(.data)
    .bss                                     0x20000080   Section        9  handcontroller.o(.bss)
    .bss                                     0x20000089   Section     1152  oled.o(.bss)
    .bss                                     0x20000509   Section       10  music.o(.bss)
    .bss                                     0x20000514   Section       22  imu.o(.bss)
    RxBuffer1                                0x20000514   Data          22  imu.o(.bss)
    .bss                                     0x2000052c   Section       96  libspace.o(.bss)
    HEAP                                     0x20000590   Section      256  startup_cmsdk_cm0.o(HEAP)
    Heap_Mem                                 0x20000590   Data         256  startup_cmsdk_cm0.o(HEAP)
    STACK                                    0x20000690   Section      512  startup_cmsdk_cm0.o(STACK)
    Stack_Mem                                0x20000690   Data         512  startup_cmsdk_cm0.o(STACK)
    __initial_sp                             0x20000890   Data           0  startup_cmsdk_cm0.o(STACK)

    Global Symbols

    Symbol Name                              Value     Ov Type        Size  Object(Section)

    BuildAttributes$$THM_ISAv3M$S$PE$A:L22$X:L11$S22$IEEE1$IW$USESV6$~STKCKD$USESV7$~SHL$OSPACE$ROPI$EBA8$UX$STANDARDLIB$REQ8$PRES8$EABIv2 0x00000000   Number         0  anon$$obj.o ABSOLUTE
    __ARM_use_no_argv                        0x00000000   Number         0  main.o ABSOLUTE
    __Vectors                                0x00000000   Data           4  startup_cmsdk_cm0.o(RESET)
    __ARM_exceptions_init                     - Undefined Weak Reference
    __alloca_initialize                       - Undefined Weak Reference
    __arm_fini_                               - Undefined Weak Reference
    __arm_preinit_                            - Undefined Weak Reference
    __cpp_initialize__aeabi_                  - Undefined Weak Reference
    __cxa_finalize                            - Undefined Weak Reference
    __rt_locale                               - Undefined Weak Reference
    __sigvec_lookup                           - Undefined Weak Reference
    _atexit_init                              - Undefined Weak Reference
    _call_atexit_fns                          - Undefined Weak Reference
    _clock_init                               - Undefined Weak Reference
    _fp_trap_init                             - Undefined Weak Reference
    _fp_trap_shutdown                         - Undefined Weak Reference
    _get_lc_collate                           - Undefined Weak Reference
    _get_lc_ctype                             - Undefined Weak Reference
    _get_lc_monetary                          - Undefined Weak Reference
    _get_lc_numeric                           - Undefined Weak Reference
    _get_lc_time                              - Undefined Weak Reference
    _getenv_init                              - Undefined Weak Reference
    _handle_redirection                       - Undefined Weak Reference
    _init_alloc                               - Undefined Weak Reference
    _init_user_alloc                          - Undefined Weak Reference
    _initio                                   - Undefined Weak Reference
    _rand_init                                - Undefined Weak Reference
    _signal_finish                            - Undefined Weak Reference
    _signal_init                              - Undefined Weak Reference
    _terminate_alloc                          - Undefined Weak Reference
    _terminate_user_alloc                     - Undefined Weak Reference
    _terminateio                              - Undefined Weak Reference
    __Vectors_End                            0x00000084   Data           0  startup_cmsdk_cm0.o(RESET)
    __Vectors_Size                           0x00000084   Number         0  startup_cmsdk_cm0.o ABSOLUTE
    __main                                   0x00000085   Thumb Code     8  __main.o(!!!main)
    __scatterload                            0x0000008d   Thumb Code     0  __scatter.o(!!!scatter)
    __scatterload_rt2                        0x0000008d   Thumb Code    52  __scatter.o(!!!scatter)
    __scatterload_rt2_thumb_only             0x0000008d   Thumb Code     0  __scatter.o(!!!scatter)
    __scatterload_null                       0x0000009d   Thumb Code     0  __scatter.o(!!!scatter)
    __scatterload_copy                       0x000000c9   Thumb Code    26  __scatter_copy.o(!!handler_copy)
    __scatterload_zeroinit                   0x000000e5   Thumb Code    28  __scatter_zi.o(!!handler_zi)
    __rt_lib_init                            0x00000101   Thumb Code     0  libinit.o(.ARM.Collect$$libinit$$00000000)
    __rt_lib_init_alloca_1                   0x00000103   Thumb Code     0  libinit2.o(.ARM.Collect$$libinit$$0000002E)
    __rt_lib_init_argv_1                     0x00000103   Thumb Code     0  libinit2.o(.ARM.Collect$$libinit$$0000002C)
    __rt_lib_init_atexit_1                   0x00000103   Thumb Code     0  libinit2.o(.ARM.Collect$$libinit$$0000001B)
    __rt_lib_init_clock_1                    0x00000103   Thumb Code     0  libinit2.o(.ARM.Collect$$libinit$$00000021)
    __rt_lib_init_cpp_1                      0x00000103   Thumb Code     0  libinit2.o(.ARM.Collect$$libinit$$00000032)
    __rt_lib_init_exceptions_1               0x00000103   Thumb Code     0  libinit2.o(.ARM.Collect$$libinit$$00000030)
    __rt_lib_init_fp_1                       0x00000103   Thumb Code     0  libinit2.o(.ARM.Collect$$libinit$$00000002)
    __rt_lib_init_fp_trap_1                  0x00000103   Thumb Code     0  libinit2.o(.ARM.Collect$$libinit$$0000001F)
    __rt_lib_init_getenv_1                   0x00000103   Thumb Code     0  libinit2.o(.ARM.Collect$$libinit$$00000023)
    __rt_lib_init_heap_1                     0x00000103   Thumb Code     0  libinit2.o(.ARM.Collect$$libinit$$0000000A)
    __rt_lib_init_lc_collate_1               0x00000103   Thumb Code     0  libinit2.o(.ARM.Collect$$libinit$$00000011)
    __rt_lib_init_lc_ctype_1                 0x00000103   Thumb Code     0  libinit2.o(.ARM.Collect$$libinit$$00000013)
    __rt_lib_init_lc_monetary_1              0x00000103   Thumb Code     0  libinit2.o(.ARM.Collect$$libinit$$00000015)
    __rt_lib_init_lc_numeric_1               0x00000103   Thumb Code     0  libinit2.o(.ARM.Collect$$libinit$$00000017)
    __rt_lib_init_lc_time_1                  0x00000103   Thumb Code     0  libinit2.o(.ARM.Collect$$libinit$$00000019)
    __rt_lib_init_preinit_1                  0x00000103   Thumb Code     0  libinit2.o(.ARM.Collect$$libinit$$00000004)
    __rt_lib_init_rand_1                     0x00000103   Thumb Code     0  libinit2.o(.ARM.Collect$$libinit$$0000000E)
    __rt_lib_init_return                     0x00000103   Thumb Code     0  libinit2.o(.ARM.Collect$$libinit$$00000033)
    __rt_lib_init_signal_1                   0x00000103   Thumb Code     0  libinit2.o(.ARM.Collect$$libinit$$0000001D)
    __rt_lib_init_stdio_1                    0x00000103   Thumb Code     0  libinit2.o(.ARM.Collect$$libinit$$00000025)
    __rt_lib_init_user_alloc_1               0x00000103   Thumb Code     0  libinit2.o(.ARM.Collect$$libinit$$0000000C)
    __rt_lib_shutdown                        0x00000105   Thumb Code     0  libshutdown.o(.ARM.Collect$$libshutdown$$00000000)
    __rt_lib_shutdown_cpp_1                  0x00000107   Thumb Code     0  libshutdown2.o(.ARM.Collect$$libshutdown$$00000004)
    __rt_lib_shutdown_fini_1                 0x00000107   Thumb Code     0  libshutdown2.o(.ARM.Collect$$libshutdown$$00000002)
    __rt_lib_shutdown_fp_trap_1              0x00000107   Thumb Code     0  libshutdown2.o(.ARM.Collect$$libshutdown$$00000009)
    __rt_lib_shutdown_heap_1                 0x00000107   Thumb Code     0  libshutdown2.o(.ARM.Collect$$libshutdown$$00000011)
    __rt_lib_shutdown_return                 0x00000107   Thumb Code     0  libshutdown2.o(.ARM.Collect$$libshutdown$$00000012)
    __rt_lib_shutdown_signal_1               0x00000107   Thumb Code     0  libshutdown2.o(.ARM.Collect$$libshutdown$$0000000C)
    __rt_lib_shutdown_stdio_1                0x00000107   Thumb Code     0  libshutdown2.o(.ARM.Collect$$libshutdown$$00000006)
    __rt_lib_shutdown_user_alloc_1           0x00000107   Thumb Code     0  libshutdown2.o(.ARM.Collect$$libshutdown$$0000000E)
    __rt_entry                               0x00000109   Thumb Code     0  __rtentry.o(.ARM.Collect$$rtentry$$00000000)
    __rt_entry_presh_1                       0x00000109   Thumb Code     0  __rtentry2.o(.ARM.Collect$$rtentry$$00000002)
    __rt_entry_sh                            0x00000109   Thumb Code     0  __rtentry4.o(.ARM.Collect$$rtentry$$00000004)
    __rt_entry_li                            0x0000010f   Thumb Code     0  __rtentry2.o(.ARM.Collect$$rtentry$$0000000A)
    __rt_entry_postsh_1                      0x0000010f   Thumb Code     0  __rtentry2.o(.ARM.Collect$$rtentry$$00000009)
    __rt_entry_main                          0x00000113   Thumb Code     0  __rtentry2.o(.ARM.Collect$$rtentry$$0000000D)
    __rt_entry_postli_1                      0x00000113   Thumb Code     0  __rtentry2.o(.ARM.Collect$$rtentry$$0000000C)
    __rt_exit                                0x0000011b   Thumb Code     0  rtexit.o(.ARM.Collect$$rtexit$$00000000)
    __rt_exit_ls                             0x0000011d   Thumb Code     0  rtexit2.o(.ARM.Collect$$rtexit$$00000003)
    __rt_exit_prels_1                        0x0000011d   Thumb Code     0  rtexit2.o(.ARM.Collect$$rtexit$$00000002)
    __rt_exit_exit                           0x00000121   Thumb Code     0  rtexit2.o(.ARM.Collect$$rtexit$$00000004)
    Reset_Handler                            0x00000129   Thumb Code    12  startup_cmsdk_cm0.o(.text)
    NMI_Handler                              0x00000135   Thumb Code     2  startup_cmsdk_cm0.o(.text)
    HardFault_Handler                        0x00000137   Thumb Code     2  startup_cmsdk_cm0.o(.text)
    SVC_Handler                              0x00000139   Thumb Code     2  startup_cmsdk_cm0.o(.text)
    PendSV_Handler                           0x0000013b   Thumb Code     2  startup_cmsdk_cm0.o(.text)
    SysTick_Handler                          0x0000013d   Thumb Code     2  startup_cmsdk_cm0.o(.text)
    UARTRX0_Handler                          0x0000013f   Thumb Code     8  startup_cmsdk_cm0.o(.text)
    UARTTX0_Handler                          0x00000147   Thumb Code     8  startup_cmsdk_cm0.o(.text)
    UARTRX1_Handler                          0x0000014f   Thumb Code     8  startup_cmsdk_cm0.o(.text)
    UARTTX1_Handler                          0x00000157   Thumb Code     8  startup_cmsdk_cm0.o(.text)
    UARTRX2_Handler                          0x0000015f   Thumb Code     8  startup_cmsdk_cm0.o(.text)
    UARTTX2_Handler                          0x00000167   Thumb Code     8  startup_cmsdk_cm0.o(.text)
    SPTIMER0_Handler                         0x0000016f   Thumb Code     8  startup_cmsdk_cm0.o(.text)
    SPTIMER1_Handler                         0x00000177   Thumb Code     8  startup_cmsdk_cm0.o(.text)
    EXIT_Handler0                            0x0000017f   Thumb Code     8  startup_cmsdk_cm0.o(.text)
    EXIT_Handler1                            0x00000187   Thumb Code     8  startup_cmsdk_cm0.o(.text)
    EXIT_Handler2                            0x0000018f   Thumb Code     8  startup_cmsdk_cm0.o(.text)
    EXIT_Handler3                            0x00000197   Thumb Code     8  startup_cmsdk_cm0.o(.text)
    EXIT_Handler4                            0x0000019f   Thumb Code     8  startup_cmsdk_cm0.o(.text)
    EXIT_Handler5                            0x000001a7   Thumb Code     8  startup_cmsdk_cm0.o(.text)
    EXIT_Handler6                            0x000001af   Thumb Code     8  startup_cmsdk_cm0.o(.text)
    EXIT_Handler7                            0x000001b7   Thumb Code     8  startup_cmsdk_cm0.o(.text)
    EXIT_Handler8                            0x000001bf   Thumb Code     8  startup_cmsdk_cm0.o(.text)
    EXIT_Handler9                            0x000001c7   Thumb Code     8  startup_cmsdk_cm0.o(.text)
    __user_initial_stackheap                 0x000001d1   Thumb Code    10  startup_cmsdk_cm0.o(.text)
    __aeabi_uidiv                            0x000001f5   Thumb Code     0  aeabi_sdiv.o(.text)
    __aeabi_uidivmod                         0x000001f5   Thumb Code    20  aeabi_sdiv.o(.text)
    __aeabi_idiv                             0x00000209   Thumb Code     0  aeabi_sdiv.o(.text)
    __aeabi_idivmod                          0x00000209   Thumb Code   326  aeabi_sdiv.o(.text)
    __use_two_region_memory                  0x0000034f   Thumb Code     2  heapauxi.o(.text)
    __rt_heap_escrow$2region                 0x00000351   Thumb Code     2  heapauxi.o(.text)
    __rt_heap_expand$2region                 0x00000353   Thumb Code     2  heapauxi.o(.text)
    __aeabi_fdiv                             0x00000355   Thumb Code     0  fdiv.o(.text)
    _fdiv                                    0x00000355   Thumb Code   334  fdiv.o(.text)
    _frdiv                                   0x000004a3   Thumb Code     8  fdiv.o(.text)
    __aeabi_f2uiz                            0x000004b5   Thumb Code     0  ffixui.o(.text)
    _ffixu                                   0x000004b5   Thumb Code    48  ffixui.o(.text)
    __aeabi_i2f_normalise                    0x000004e5   Thumb Code    72  fflti.o(.text)
    __aeabi_i2f                              0x0000052d   Thumb Code    16  fflti.o(.text)
    _fflt                                    0x0000052d   Thumb Code     0  fflti.o(.text)
    __aeabi_ui2f                             0x0000053d   Thumb Code     6  fflti.o(.text)
    _ffltu                                   0x0000053d   Thumb Code     0  fflti.o(.text)
    __fpl_fcmp_InfNaN                        0x00000545   Thumb Code    96  fcmpin.o(.text)
    __fpl_cmpreturn                          0x000005a9   Thumb Code    46  cmpret.o(.text)
    __fpl_fcheck_NaN2                        0x000005d9   Thumb Code    10  fnan2.o(.text)
    __user_setup_stackheap                   0x000005e9   Thumb Code    62  sys_stackheap_outer.o(.text)
    exit                                     0x00000627   Thumb Code    16  exit.o(.text)
    __fpl_return_NaN                         0x00000637   Thumb Code    94  retnan.o(.text)
    __user_libspace                          0x00000695   Thumb Code     8  libspace.o(.text)
    __user_perproc_libspace                  0x00000695   Thumb Code     0  libspace.o(.text)
    __user_perthread_libspace                0x00000695   Thumb Code     0  libspace.o(.text)
    _sys_exit                                0x0000069d   Thumb Code     8  sys_exit.o(.text)
    __I$use$semihosting                      0x000006a9   Thumb Code     0  use_no_semi.o(.text)
    __use_no_semihosting_swi                 0x000006a9   Thumb Code     2  use_no_semi.o(.text)
    __semihosting_library_function           0x000006ab   Thumb Code     0  indicate_semi.o(.text)
    Bird1Down                                0x000006ad   Thumb Code     8  flybird.o(i.Bird1Down)
    Bird1Down_Disable                        0x000006b9   Thumb Code     8  flybird.o(i.Bird1Down_Disable)
    Bird1Left                                0x000006c5   Thumb Code     8  flybird.o(i.Bird1Left)
    Bird1Left_Disable                        0x000006d1   Thumb Code     8  flybird.o(i.Bird1Left_Disable)
    Bird1Right                               0x000006dd   Thumb Code     8  flybird.o(i.Bird1Right)
    Bird1Right_Disable                       0x000006e9   Thumb Code     8  flybird.o(i.Bird1Right_Disable)
    Bird1Up                                  0x000006f5   Thumb Code     8  flybird.o(i.Bird1Up)
    Bird1Up_Disable                          0x00000701   Thumb Code     8  flybird.o(i.Bird1Up_Disable)
    Bird1_Control                            0x0000070d   Thumb Code   126  flybird.o(i.Bird1_Control)
    Bird2Down                                0x00000795   Thumb Code     8  flybird.o(i.Bird2Down)
    Bird2Down_Disable                        0x000007a1   Thumb Code     8  flybird.o(i.Bird2Down_Disable)
    Bird2Left                                0x000007ad   Thumb Code     8  flybird.o(i.Bird2Left)
    Bird2Left_Disable                        0x000007b9   Thumb Code     8  flybird.o(i.Bird2Left_Disable)
    Bird2Right                               0x000007c5   Thumb Code     8  flybird.o(i.Bird2Right)
    Bird2Right_Disable                       0x000007d1   Thumb Code     8  flybird.o(i.Bird2Right_Disable)
    Bird2Up                                  0x000007dd   Thumb Code     8  flybird.o(i.Bird2Up)
    Bird2Up_Disable                          0x000007e9   Thumb Code     8  flybird.o(i.Bird2Up_Disable)
    Bird2_Control                            0x000007f5   Thumb Code   232  imu.o(i.Bird2_Control)
    Custom2_Map_Control                      0x000008f9   Thumb Code   160  sg90.o(i.Custom2_Map_Control)
    EXITHandler0                             0x000009b5   Thumb Code    22  speech.o(i.EXITHandler0)
    EXITHandler1                             0x000009cb   Thumb Code    20  speech.o(i.EXITHandler1)
    EXITHandler2                             0x000009df   Thumb Code    42  speech.o(i.EXITHandler2)
    EXITHandler3                             0x00000a09   Thumb Code     8  speech.o(i.EXITHandler3)
    EXITHandler4                             0x00000a11   Thumb Code    32  speech.o(i.EXITHandler4)
    EXITHandler5                             0x00000a31   Thumb Code    52  speech.o(i.EXITHandler5)
    EXITHandler6                             0x00000a65   Thumb Code    16  speech.o(i.EXITHandler6)
    EXITHandler7                             0x00000a75   Thumb Code    12  speech.o(i.EXITHandler7)
    EXITHandler8                             0x00000a81   Thumb Code    12  speech.o(i.EXITHandler8)
    EXITHandler9                             0x00000a8d   Thumb Code    12  speech.o(i.EXITHandler9)
    Fourth_Control                           0x00000a99   Thumb Code    72  flybird.o(i.Fourth_Control)
    GPIO_ClrOutput                           0x00000aed   Thumb Code     8  cm0_gpio.o(i.GPIO_ClrOutput)
    GPIO_Init                                0x00000af5   Thumb Code   142  cm0_gpio.o(i.GPIO_Init)
    GPIO_SetOutput                           0x00000b83   Thumb Code     8  cm0_gpio.o(i.GPIO_SetOutput)
    GameBgm                                  0x00000b8d   Thumb Code   548  music.o(i.GameBgm)
    GameInit                                 0x00000dd5   Thumb Code    10  flybird.o(i.GameInit)
    Game_Cancle                              0x00000de9   Thumb Code     8  flybird.o(i.Game_Cancle)
    Game_Continue                            0x00000df5   Thumb Code     8  flybird.o(i.Game_Continue)
    Game_Method                              0x00000e01   Thumb Code     8  flybird.o(i.Game_Method)
    Game_Pause                               0x00000e0d   Thumb Code     8  flybird.o(i.Game_Pause)
    Game_Restart                             0x00000e19   Thumb Code    22  flybird.o(i.Game_Restart)
    Game_Start                               0x00000e35   Thumb Code     8  flybird.o(i.Game_Start)
    GetAngle                                 0x00000e41   Thumb Code   194  microphone.o(i.GetAngle)
    GetDownFirstCnt                          0x00000f0d   Thumb Code     6  microphone.o(i.GetDownFirstCnt)
    GetGameMode                              0x00000f19   Thumb Code     8  flybird.o(i.GetGameMode)
    GetGameState                             0x00000f25   Thumb Code     8  flybird.o(i.GetGameState)
    GetLeftFirstCnt                          0x00000f31   Thumb Code     6  microphone.o(i.GetLeftFirstCnt)
    GetLeftRightState                        0x00000f3d   Thumb Code     8  microphone.o(i.GetLeftRightState)
    GetPauseMode                             0x00000f49   Thumb Code     8  flybird.o(i.GetPauseMode)
    GetRightFirstCnt                         0x00000f55   Thumb Code     6  microphone.o(i.GetRightFirstCnt)
    GetUpDownState                           0x00000f61   Thumb Code     8  microphone.o(i.GetUpDownState)
    GetUpFirstCnt                            0x00000f6d   Thumb Code     6  microphone.o(i.GetUpFirstCnt)
    IMU_init                                 0x00000f79   Thumb Code    40  imu.o(i.IMU_init)
    OLED_Angle                               0x00000fd1   Thumb Code    26  main.o(i.OLED_Angle)
    OLED_Clear                               0x00000ff1   Thumb Code    42  oled.o(i.OLED_Clear)
    OLED_ColorTurn                           0x00001021   Thumb Code    30  oled.o(i.OLED_ColorTurn)
    OLED_DrawPoint                           0x00001041   Thumb Code   116  oled.o(i.OLED_DrawPoint)
    OLED_Init                                0x000010b9   Thumb Code   280  oled.o(i.OLED_Init)
    OLED_PS2                                 0x000011d1   Thumb Code    48  main.o(i.OLED_PS2)
    OLED_Pow                                 0x00001209   Thumb Code    26  oled.o(i.OLED_Pow)
    OLED_Refresh                             0x00001225   Thumb Code    70  oled.o(i.OLED_Refresh)
    OLED_ShowChar                            0x00001271   Thumb Code   250  oled.o(i.OLED_ShowChar)
    OLED_ShowNum                             0x00001375   Thumb Code   156  oled.o(i.OLED_ShowNum)
    OLED_ShowScore                           0x00001411   Thumb Code    48  main.o(i.OLED_ShowScore)
    OLED_ShowString                          0x00001445   Thumb Code    76  oled.o(i.OLED_ShowString)
    OLED_Showgyro                            0x00001491   Thumb Code   228  main.o(i.OLED_Showgyro)
    OLED_WR_Byte                             0x0000158d   Thumb Code   112  oled.o(i.OLED_WR_Byte)
    PS2_AnologData                           0x000015fd   Thumb Code     8  handcontroller.o(i.PS2_AnologData)
    PS2_ClearData                            0x00001609   Thumb Code    20  handcontroller.o(i.PS2_ClearData)
    PS2_Cmd                                  0x00001621   Thumb Code   146  handcontroller.o(i.PS2_Cmd)
    PS2_DataKey                              0x000016bd   Thumb Code    70  handcontroller.o(i.PS2_DataKey)
    PS2_EnterConfing                         0x00001711   Thumb Code    90  handcontroller.o(i.PS2_EnterConfing)
    PS2_ExitConfing                          0x00001771   Thumb Code    90  handcontroller.o(i.PS2_ExitConfing)
    PS2_Init                                 0x000017d1   Thumb Code    24  handcontroller.o(i.PS2_Init)
    PS2_ReadData                             0x000017ed   Thumb Code   176  handcontroller.o(i.PS2_ReadData)
    PS2_SetInit                              0x000018a9   Thumb Code    28  handcontroller.o(i.PS2_SetInit)
    PS2_ShortPoll                            0x000018c5   Thumb Code    66  handcontroller.o(i.PS2_ShortPoll)
    PS2_TurnOnAnalogMode                     0x0000190d   Thumb Code    84  handcontroller.o(i.PS2_TurnOnAnalogMode)
    SG90_Init                                0x00001965   Thumb Code    12  sg90.o(i.SG90_Init)
    SPTIMER0Handler                          0x00001975   Thumb Code    56  flybird.o(i.SPTIMER0Handler)
    SPTIMER1Handler                          0x000019c1   Thumb Code  1070  flybird.o(i.SPTIMER1Handler)
    Servo_Control                            0x00001df1   Thumb Code   172  flybird.o(i.Servo_Control)
    SetGameMode                              0x00001ead   Thumb Code     6  flybird.o(i.SetGameMode)
    SetGameSobel                             0x00001eb9   Thumb Code     6  flybird.o(i.SetGameSobel)
    SetPauseMode                             0x00001ec5   Thumb Code     6  flybird.o(i.SetPauseMode)
    SetSG90                                  0x00001ed1   Thumb Code    30  sg90.o(i.SetSG90)
    SimpleTimer_Init                         0x00001efd   Thumb Code     6  simple_timer.o(i.SimpleTimer_Init)
    Speech_Init                              0x00001f03   Thumb Code    58  speech.o(i.Speech_Init)
    SystemInit                               0x00001f3d   Thumb Code     8  system_cmsdk_cm0.o(i.SystemInit)
    Third_Custom_Go                          0x00001f4d   Thumb Code     8  flybird.o(i.Third_Custom_Go)
    UARTRX0Handler                           0x00001f59   Thumb Code     2  handler.o(i.UARTRX0Handler)
    UARTRX1Handler                           0x00001f5d   Thumb Code   470  imu.o(i.UARTRX1Handler)
    UARTRX2Handler                           0x00002171   Thumb Code     2  handler.o(i.UARTRX2Handler)
    UARTTX0Handler                           0x00002173   Thumb Code     2  handler.o(i.UARTTX0Handler)
    UARTTX1Handler                           0x00002175   Thumb Code     2  handler.o(i.UARTTX1Handler)
    UARTTX2Handler                           0x00002177   Thumb Code     2  handler.o(i.UARTTX2Handler)
    UART_ClearRxIRQ                          0x00002179   Thumb Code     6  cm0_uart.o(i.UART_ClearRxIRQ)
    UART_IRQInit                             0x0000217f   Thumb Code    30  cm0_uart.o(i.UART_IRQInit)
    UART_Init                                0x0000219d   Thumb Code    76  cm0_uart.o(i.UART_Init)
    UART_ReceiveByte                         0x000021ed   Thumb Code    20  cm0_uart.o(i.UART_ReceiveByte)
    UART_SendArray                           0x00002201   Thumb Code    30  cm0_uart.o(i.UART_SendArray)
    UART_SendByte                            0x0000221f   Thumb Code    16  cm0_uart.o(i.UART_SendByte)
    delay_ms                                 0x00002231   Thumb Code    62  systick.o(i.delay_ms)
    delay_us                                 0x00002279   Thumb Code    62  systick.o(i.delay_us)
    main                                     0x000022c5   Thumb Code   182  main.o(i.main)
    mp3_Init                                 0x000023a9   Thumb Code    60  music.o(i.mp3_Init)
    mp3_fill_checksum                        0x00002409   Thumb Code    22  music.o(i.mp3_fill_checksum)
    mp3_get_checksum                         0x00002425   Thumb Code    28  music.o(i.mp3_get_checksum)
    mp3_send_cmd                             0x00002441   Thumb Code    46  music.o(i.mp3_send_cmd)
    send_func                                0x00002475   Thumb Code    14  music.o(i.send_func)
    __aeabi_cfcmple                          0x0000248d   Thumb Code     0  flef.o(x$fpl$fleqf)
    _fcmple                                  0x0000248d   Thumb Code    78  flef.o(x$fpl$fleqf)
    __aeabi_fmul                             0x000024e1   Thumb Code     0  fmul.o(x$fpl$fmul)
    _fmul                                    0x000024e1   Thumb Code   172  fmul.o(x$fpl$fmul)
    __aeabi_cfrcmple                         0x00002591   Thumb Code     0  frlef.o(x$fpl$frleqf)
    _frcmple                                 0x00002591   Thumb Code    84  frlef.o(x$fpl$frleqf)
    __I$use$fp                               0x000025e8   Number         0  usenofp.o(x$fpl$usenofp)
    asc2_0806                                0x000025e8   Data         552  oled.o(.constdata)
    asc2_1206                                0x00002810   Data        1140  oled.o(.constdata)
    Hzk1                                     0x00002c84   Data         352  oled.o(.constdata)
    Hzk2                                     0x00002de4   Data          72  oled.o(.constdata)
    Hzk3                                     0x00002e2c   Data         128  oled.o(.constdata)
    Hzk4                                     0x00002eac   Data         512  oled.o(.constdata)
    body                                     0x000030ac   Data           8  oled.o(.constdata)
    Region$$Table$$Base                      0x000030f4   Number         0  anon$$obj.o(Region$$Table)
    Region$$Table$$Limit                     0x00003114   Number         0  anon$$obj.o(Region$$Table)
    SystemFrequency                          0x20000000   Data           4  system_cmsdk_cm0.o(.data)
    SystemCoreClock                          0x20000004   Data           4  system_cmsdk_cm0.o(.data)
    Handkey                                  0x20000008   Data           2  handcontroller.o(.data)
    Comd                                     0x2000000a   Data           2  handcontroller.o(.data)
    MASK                                     0x2000000c   Data          32  handcontroller.o(.data)
    startbgm_flag                            0x2000002c   Data           1  music.o(.data)
    custom1bgm_flag                          0x2000002d   Data           1  music.o(.data)
    custom2bgm_flag                          0x2000002e   Data           1  music.o(.data)
    custom3bgm_flag                          0x2000002f   Data           1  music.o(.data)
    deadbgm_flag                             0x20000030   Data           1  music.o(.data)
    methodbgm_flag                           0x20000031   Data           1  music.o(.data)
    pausebgm_flag                            0x20000032   Data           1  music.o(.data)
    winbgm_flag                              0x20000033   Data           1  music.o(.data)
    RollL                                    0x20000034   Data           1  imu.o(.data)
    RollH                                    0x20000035   Data           1  imu.o(.data)
    PitchL                                   0x20000036   Data           1  imu.o(.data)
    PitchH                                   0x20000037   Data           1  imu.o(.data)
    YawL                                     0x20000038   Data           1  imu.o(.data)
    YawH                                     0x20000039   Data           1  imu.o(.data)
    roll                                     0x2000003c   Data           4  imu.o(.data)
    pitch                                    0x20000040   Data           4  imu.o(.data)
    yaw                                      0x20000044   Data           4  imu.o(.data)
    angle                                    0x2000004b   Data           1  microphone.o(.data)
    CRR_MAX                                  0x2000004c   Data           4  sg90.o(.data)
    CRR_MIN                                  0x20000050   Data           4  sg90.o(.data)
    custom2_servo_done                       0x20000054   Data           1  sg90.o(.data)
    crr_value                                0x20000058   Data           4  sg90.o(.data)
    PS2_KEY                                  0x2000005c   Data           4  flybird.o(.data)
    PS2_LX                                   0x20000060   Data           4  flybird.o(.data)
    PS2_LY                                   0x20000064   Data           4  flybird.o(.data)
    PS2_RX                                   0x20000068   Data           4  flybird.o(.data)
    PS2_RY                                   0x2000006c   Data           4  flybird.o(.data)
    KeyUp_flag                               0x20000070   Data           1  flybird.o(.data)
    KeyDown_flag                             0x20000071   Data           1  flybird.o(.data)
    KeyLeft_flag                             0x20000072   Data           1  flybird.o(.data)
    KeyRight_flag                            0x20000073   Data           1  flybird.o(.data)
    KeyOk_flag                               0x20000074   Data           1  flybird.o(.data)
    KeyCancle_flag                           0x20000075   Data           1  flybird.o(.data)
    KeyPause_flag                            0x20000076   Data           1  flybird.o(.data)
    Score_reg                                0x20000077   Data           1  flybird.o(.data)
    Sobel                                    0x20000078   Data           4  flybird.o(.data)
    interrupt_mode1                          0x2000007c   Data           1  flybird.o(.data)
    interrupt_mode2                          0x2000007d   Data           1  flybird.o(.data)
    Data                                     0x20000080   Data           9  handcontroller.o(.bss)
    OLED_GRAM                                0x20000089   Data        1152  oled.o(.bss)
    send_buf                                 0x20000509   Data          10  music.o(.bss)
    __libspace_start                         0x2000052c   Data          96  libspace.o(.bss)
    __temporary_stack_top$libspace           0x2000058c   Data           0  libspace.o(.bss)



==============================================================================

Memory Map of the image

  Image Entry point : 0x00000085

  Load Region LR_IROM1 (Base: 0x00000000, Size: 0x00003194, Max: 0x00004000, ABSOLUTE)

    Execution Region ER_IROM1 (Exec base: 0x00000000, Load base: 0x00000000, Size: 0x00003114, Max: 0x00004000, ABSOLUTE)

    Exec Addr    Load Addr    Size         Type   Attr      Idx    E Section Name        Object

    0x00000000   0x00000000   0x00000084   Data   RO            3    RESET               startup_cmsdk_cm0.o
    0x00000084   0x00000084   0x00000008   Code   RO         1657  * !!!main             c_p.l(__main.o)
    0x0000008c   0x0000008c   0x0000003c   Code   RO         1850    !!!scatter          c_p.l(__scatter.o)
    0x000000c8   0x000000c8   0x0000001a   Code   RO         1852    !!handler_copy      c_p.l(__scatter_copy.o)
    0x000000e2   0x000000e2   0x00000002   PAD
    0x000000e4   0x000000e4   0x0000001c   Code   RO         1854    !!handler_zi        c_p.l(__scatter_zi.o)
    0x00000100   0x00000100   0x00000002   Code   RO         1715    .ARM.Collect$$libinit$$00000000  c_p.l(libinit.o)
    0x00000102   0x00000102   0x00000000   Code   RO         1731    .ARM.Collect$$libinit$$00000002  c_p.l(libinit2.o)
    0x00000102   0x00000102   0x00000000   Code   RO         1733    .ARM.Collect$$libinit$$00000004  c_p.l(libinit2.o)
    0x00000102   0x00000102   0x00000000   Code   RO         1736    .ARM.Collect$$libinit$$0000000A  c_p.l(libinit2.o)
    0x00000102   0x00000102   0x00000000   Code   RO         1738    .ARM.Collect$$libinit$$0000000C  c_p.l(libinit2.o)
    0x00000102   0x00000102   0x00000000   Code   RO         1740    .ARM.Collect$$libinit$$0000000E  c_p.l(libinit2.o)
    0x00000102   0x00000102   0x00000000   Code   RO         1743    .ARM.Collect$$libinit$$00000011  c_p.l(libinit2.o)
    0x00000102   0x00000102   0x00000000   Code   RO         1745    .ARM.Collect$$libinit$$00000013  c_p.l(libinit2.o)
    0x00000102   0x00000102   0x00000000   Code   RO         1747    .ARM.Collect$$libinit$$00000015  c_p.l(libinit2.o)
    0x00000102   0x00000102   0x00000000   Code   RO         1749    .ARM.Collect$$libinit$$00000017  c_p.l(libinit2.o)
    0x00000102   0x00000102   0x00000000   Code   RO         1751    .ARM.Collect$$libinit$$00000019  c_p.l(libinit2.o)
    0x00000102   0x00000102   0x00000000   Code   RO         1753    .ARM.Collect$$libinit$$0000001B  c_p.l(libinit2.o)
    0x00000102   0x00000102   0x00000000   Code   RO         1755    .ARM.Collect$$libinit$$0000001D  c_p.l(libinit2.o)
    0x00000102   0x00000102   0x00000000   Code   RO         1757    .ARM.Collect$$libinit$$0000001F  c_p.l(libinit2.o)
    0x00000102   0x00000102   0x00000000   Code   RO         1759    .ARM.Collect$$libinit$$00000021  c_p.l(libinit2.o)
    0x00000102   0x00000102   0x00000000   Code   RO         1761    .ARM.Collect$$libinit$$00000023  c_p.l(libinit2.o)
    0x00000102   0x00000102   0x00000000   Code   RO         1763    .ARM.Collect$$libinit$$00000025  c_p.l(libinit2.o)
    0x00000102   0x00000102   0x00000000   Code   RO         1767    .ARM.Collect$$libinit$$0000002C  c_p.l(libinit2.o)
    0x00000102   0x00000102   0x00000000   Code   RO         1769    .ARM.Collect$$libinit$$0000002E  c_p.l(libinit2.o)
    0x00000102   0x00000102   0x00000000   Code   RO         1771    .ARM.Collect$$libinit$$00000030  c_p.l(libinit2.o)
    0x00000102   0x00000102   0x00000000   Code   RO         1773    .ARM.Collect$$libinit$$00000032  c_p.l(libinit2.o)
    0x00000102   0x00000102   0x00000002   Code   RO         1774    .ARM.Collect$$libinit$$00000033  c_p.l(libinit2.o)
    0x00000104   0x00000104   0x00000002   Code   RO         1805    .ARM.Collect$$libshutdown$$00000000  c_p.l(libshutdown.o)
    0x00000106   0x00000106   0x00000000   Code   RO         1831    .ARM.Collect$$libshutdown$$00000002  c_p.l(libshutdown2.o)
    0x00000106   0x00000106   0x00000000   Code   RO         1833    .ARM.Collect$$libshutdown$$00000004  c_p.l(libshutdown2.o)
    0x00000106   0x00000106   0x00000000   Code   RO         1835    .ARM.Collect$$libshutdown$$00000006  c_p.l(libshutdown2.o)
    0x00000106   0x00000106   0x00000000   Code   RO         1838    .ARM.Collect$$libshutdown$$00000009  c_p.l(libshutdown2.o)
    0x00000106   0x00000106   0x00000000   Code   RO         1841    .ARM.Collect$$libshutdown$$0000000C  c_p.l(libshutdown2.o)
    0x00000106   0x00000106   0x00000000   Code   RO         1843    .ARM.Collect$$libshutdown$$0000000E  c_p.l(libshutdown2.o)
    0x00000106   0x00000106   0x00000000   Code   RO         1846    .ARM.Collect$$libshutdown$$00000011  c_p.l(libshutdown2.o)
    0x00000106   0x00000106   0x00000002   Code   RO         1847    .ARM.Collect$$libshutdown$$00000012  c_p.l(libshutdown2.o)
    0x00000108   0x00000108   0x00000000   Code   RO         1672    .ARM.Collect$$rtentry$$00000000  c_p.l(__rtentry.o)
    0x00000108   0x00000108   0x00000000   Code   RO         1681    .ARM.Collect$$rtentry$$00000002  c_p.l(__rtentry2.o)
    0x00000108   0x00000108   0x00000006   Code   RO         1693    .ARM.Collect$$rtentry$$00000004  c_p.l(__rtentry4.o)
    0x0000010e   0x0000010e   0x00000000   Code   RO         1683    .ARM.Collect$$rtentry$$00000009  c_p.l(__rtentry2.o)
    0x0000010e   0x0000010e   0x00000004   Code   RO         1684    .ARM.Collect$$rtentry$$0000000A  c_p.l(__rtentry2.o)
    0x00000112   0x00000112   0x00000000   Code   RO         1686    .ARM.Collect$$rtentry$$0000000C  c_p.l(__rtentry2.o)
    0x00000112   0x00000112   0x00000008   Code   RO         1687    .ARM.Collect$$rtentry$$0000000D  c_p.l(__rtentry2.o)
    0x0000011a   0x0000011a   0x00000002   Code   RO         1722    .ARM.Collect$$rtexit$$00000000  c_p.l(rtexit.o)
    0x0000011c   0x0000011c   0x00000000   Code   RO         1778    .ARM.Collect$$rtexit$$00000002  c_p.l(rtexit2.o)
    0x0000011c   0x0000011c   0x00000004   Code   RO         1779    .ARM.Collect$$rtexit$$00000003  c_p.l(rtexit2.o)
    0x00000120   0x00000120   0x00000006   Code   RO         1780    .ARM.Collect$$rtexit$$00000004  c_p.l(rtexit2.o)
    0x00000126   0x00000126   0x00000002   PAD
    0x00000128   0x00000128   0x000000cc   Code   RO            4    .text               startup_cmsdk_cm0.o
    0x000001f4   0x000001f4   0x0000015a   Code   RO         1651    .text               c_p.l(aeabi_sdiv.o)
    0x0000034e   0x0000034e   0x00000006   Code   RO         1655    .text               c_p.l(heapauxi.o)
    0x00000354   0x00000354   0x00000160   Code   RO         1659    .text               fz_ps.l(fdiv.o)
    0x000004b4   0x000004b4   0x00000030   Code   RO         1662    .text               fz_ps.l(ffixui.o)
    0x000004e4   0x000004e4   0x0000005e   Code   RO         1664    .text               fz_ps.l(fflti.o)
    0x00000542   0x00000542   0x00000002   PAD
    0x00000544   0x00000544   0x00000064   Code   RO         1677    .text               fz_ps.l(fcmpin.o)
    0x000005a8   0x000005a8   0x0000002e   Code   RO         1697    .text               fz_ps.l(cmpret.o)
    0x000005d6   0x000005d6   0x00000002   PAD
    0x000005d8   0x000005d8   0x00000010   Code   RO         1699    .text               fz_ps.l(fnan2.o)
    0x000005e8   0x000005e8   0x0000003e   Code   RO         1701    .text               c_p.l(sys_stackheap_outer.o)
    0x00000626   0x00000626   0x00000010   Code   RO         1704    .text               c_p.l(exit.o)
    0x00000636   0x00000636   0x0000005e   Code   RO         1716    .text               fz_ps.l(retnan.o)
    0x00000694   0x00000694   0x00000008   Code   RO         1718    .text               c_p.l(libspace.o)
    0x0000069c   0x0000069c   0x0000000c   Code   RO         1775    .text               c_p.l(sys_exit.o)
    0x000006a8   0x000006a8   0x00000002   Code   RO         1794    .text               c_p.l(use_no_semi.o)
    0x000006aa   0x000006aa   0x00000000   Code   RO         1796    .text               c_p.l(indicate_semi.o)
    0x000006aa   0x000006aa   0x00000002   PAD
    0x000006ac   0x000006ac   0x0000000c   Code   RO         1396    i.Bird1Down         flybird.o
    0x000006b8   0x000006b8   0x0000000c   Code   RO         1397    i.Bird1Down_Disable  flybird.o
    0x000006c4   0x000006c4   0x0000000c   Code   RO         1398    i.Bird1Left         flybird.o
    0x000006d0   0x000006d0   0x0000000c   Code   RO         1399    i.Bird1Left_Disable  flybird.o
    0x000006dc   0x000006dc   0x0000000c   Code   RO         1400    i.Bird1Right        flybird.o
    0x000006e8   0x000006e8   0x0000000c   Code   RO         1401    i.Bird1Right_Disable  flybird.o
    0x000006f4   0x000006f4   0x0000000c   Code   RO         1402    i.Bird1Up           flybird.o
    0x00000700   0x00000700   0x0000000c   Code   RO         1403    i.Bird1Up_Disable   flybird.o
    0x0000070c   0x0000070c   0x00000088   Code   RO         1404    i.Bird1_Control     flybird.o
    0x00000794   0x00000794   0x0000000c   Code   RO         1405    i.Bird2Down         flybird.o
    0x000007a0   0x000007a0   0x0000000c   Code   RO         1406    i.Bird2Down_Disable  flybird.o
    0x000007ac   0x000007ac   0x0000000c   Code   RO         1407    i.Bird2Left         flybird.o
    0x000007b8   0x000007b8   0x0000000c   Code   RO         1408    i.Bird2Left_Disable  flybird.o
    0x000007c4   0x000007c4   0x0000000c   Code   RO         1409    i.Bird2Right        flybird.o
    0x000007d0   0x000007d0   0x0000000c   Code   RO         1410    i.Bird2Right_Disable  flybird.o
    0x000007dc   0x000007dc   0x0000000c   Code   RO         1411    i.Bird2Up           flybird.o
    0x000007e8   0x000007e8   0x0000000c   Code   RO         1412    i.Bird2Up_Disable   flybird.o
    0x000007f4   0x000007f4   0x00000104   Code   RO         1049    i.Bird2_Control     imu.o
    0x000008f8   0x000008f8   0x000000bc   Code   RO         1147    i.Custom2_Map_Control  sg90.o
    0x000009b4   0x000009b4   0x00000016   Code   RO         1185    i.EXITHandler0      speech.o
    0x000009ca   0x000009ca   0x00000014   Code   RO         1186    i.EXITHandler1      speech.o
    0x000009de   0x000009de   0x0000002a   Code   RO         1187    i.EXITHandler2      speech.o
    0x00000a08   0x00000a08   0x00000008   Code   RO         1188    i.EXITHandler3      speech.o
    0x00000a10   0x00000a10   0x00000020   Code   RO         1189    i.EXITHandler4      speech.o
    0x00000a30   0x00000a30   0x00000034   Code   RO         1190    i.EXITHandler5      speech.o
    0x00000a64   0x00000a64   0x00000010   Code   RO         1191    i.EXITHandler6      speech.o
    0x00000a74   0x00000a74   0x0000000c   Code   RO         1192    i.EXITHandler7      speech.o
    0x00000a80   0x00000a80   0x0000000c   Code   RO         1193    i.EXITHandler8      speech.o
    0x00000a8c   0x00000a8c   0x0000000c   Code   RO         1194    i.EXITHandler9      speech.o
    0x00000a98   0x00000a98   0x00000054   Code   RO         1414    i.Fourth_Control    flybird.o
    0x00000aec   0x00000aec   0x00000008   Code   RO          313    i.GPIO_ClrOutput    cm0_gpio.o
    0x00000af4   0x00000af4   0x0000008e   Code   RO          314    i.GPIO_Init         cm0_gpio.o
    0x00000b82   0x00000b82   0x00000008   Code   RO          322    i.GPIO_SetOutput    cm0_gpio.o
    0x00000b8a   0x00000b8a   0x00000002   PAD
    0x00000b8c   0x00000b8c   0x00000248   Code   RO          973    i.GameBgm           music.o
    0x00000dd4   0x00000dd4   0x00000014   Code   RO         1415    i.GameInit          flybird.o
    0x00000de8   0x00000de8   0x0000000c   Code   RO         1416    i.Game_Cancle       flybird.o
    0x00000df4   0x00000df4   0x0000000c   Code   RO         1417    i.Game_Continue     flybird.o
    0x00000e00   0x00000e00   0x0000000c   Code   RO         1418    i.Game_Method       flybird.o
    0x00000e0c   0x00000e0c   0x0000000c   Code   RO         1419    i.Game_Pause        flybird.o
    0x00000e18   0x00000e18   0x0000001c   Code   RO         1420    i.Game_Restart      flybird.o
    0x00000e34   0x00000e34   0x0000000c   Code   RO         1421    i.Game_Start        flybird.o
    0x00000e40   0x00000e40   0x000000cc   Code   RO         1088    i.GetAngle          microphone.o
    0x00000f0c   0x00000f0c   0x0000000c   Code   RO         1089    i.GetDownFirstCnt   microphone.o
    0x00000f18   0x00000f18   0x0000000c   Code   RO         1422    i.GetGameMode       flybird.o
    0x00000f24   0x00000f24   0x0000000c   Code   RO         1425    i.GetGameState      flybird.o
    0x00000f30   0x00000f30   0x0000000c   Code   RO         1090    i.GetLeftFirstCnt   microphone.o
    0x00000f3c   0x00000f3c   0x0000000c   Code   RO         1091    i.GetLeftRightState  microphone.o
    0x00000f48   0x00000f48   0x0000000c   Code   RO         1426    i.GetPauseMode      flybird.o
    0x00000f54   0x00000f54   0x0000000c   Code   RO         1092    i.GetRightFirstCnt  microphone.o
    0x00000f60   0x00000f60   0x0000000c   Code   RO         1093    i.GetUpDownState    microphone.o
    0x00000f6c   0x00000f6c   0x0000000c   Code   RO         1094    i.GetUpFirstCnt     microphone.o
    0x00000f78   0x00000f78   0x00000030   Code   RO         1050    i.IMU_init          imu.o
    0x00000fa8   0x00000fa8   0x00000014   Code   RO         1195    i.NVIC_EnableIRQ    speech.o
    0x00000fbc   0x00000fbc   0x00000014   Code   RO         1276    i.NVIC_EnableIRQ    main.o
    0x00000fd0   0x00000fd0   0x00000020   Code   RO         1277    i.OLED_Angle        main.o
    0x00000ff0   0x00000ff0   0x00000030   Code   RO          789    i.OLED_Clear        oled.o
    0x00001020   0x00001020   0x0000001e   Code   RO          790    i.OLED_ColorTurn    oled.o
    0x0000103e   0x0000103e   0x00000002   PAD
    0x00001040   0x00001040   0x00000078   Code   RO          796    i.OLED_DrawPoint    oled.o
    0x000010b8   0x000010b8   0x00000118   Code   RO          797    i.OLED_Init         oled.o
    0x000011d0   0x000011d0   0x00000038   Code   RO         1279    i.OLED_PS2          main.o
    0x00001208   0x00001208   0x0000001a   Code   RO          798    i.OLED_Pow          oled.o
    0x00001222   0x00001222   0x00000002   PAD
    0x00001224   0x00001224   0x0000004c   Code   RO          799    i.OLED_Refresh      oled.o
    0x00001270   0x00001270   0x00000104   Code   RO          802    i.OLED_ShowChar     oled.o
    0x00001374   0x00001374   0x0000009c   Code   RO          804    i.OLED_ShowNum      oled.o
    0x00001410   0x00001410   0x00000034   Code   RO         1280    i.OLED_ShowScore    main.o
    0x00001444   0x00001444   0x0000004c   Code   RO          806    i.OLED_ShowString   oled.o
    0x00001490   0x00001490   0x000000fc   Code   RO         1281    i.OLED_Showgyro     main.o
    0x0000158c   0x0000158c   0x00000070   Code   RO          808    i.OLED_WR_Byte      oled.o
    0x000015fc   0x000015fc   0x0000000c   Code   RO          674    i.PS2_AnologData    handcontroller.o
    0x00001608   0x00001608   0x00000018   Code   RO          675    i.PS2_ClearData     handcontroller.o
    0x00001620   0x00001620   0x0000009c   Code   RO          676    i.PS2_Cmd           handcontroller.o
    0x000016bc   0x000016bc   0x00000054   Code   RO          677    i.PS2_DataKey       handcontroller.o
    0x00001710   0x00001710   0x00000060   Code   RO          678    i.PS2_EnterConfing  handcontroller.o
    0x00001770   0x00001770   0x00000060   Code   RO          679    i.PS2_ExitConfing   handcontroller.o
    0x000017d0   0x000017d0   0x0000001c   Code   RO          680    i.PS2_Init          handcontroller.o
    0x000017ec   0x000017ec   0x000000bc   Code   RO          681    i.PS2_ReadData      handcontroller.o
    0x000018a8   0x000018a8   0x0000001c   Code   RO          683    i.PS2_SetInit       handcontroller.o
    0x000018c4   0x000018c4   0x00000048   Code   RO          684    i.PS2_ShortPoll     handcontroller.o
    0x0000190c   0x0000190c   0x00000058   Code   RO          685    i.PS2_TurnOnAnalogMode  handcontroller.o
    0x00001964   0x00001964   0x00000010   Code   RO         1148    i.SG90_Init         sg90.o
    0x00001974   0x00001974   0x0000004c   Code   RO         1428    i.SPTIMER0Handler   flybird.o
    0x000019c0   0x000019c0   0x0000042e   Code   RO         1429    i.SPTIMER1Handler   flybird.o
    0x00001dee   0x00001dee   0x00000002   PAD
    0x00001df0   0x00001df0   0x000000bc   Code   RO         1430    i.Servo_Control     flybird.o
    0x00001eac   0x00001eac   0x0000000c   Code   RO         1431    i.SetGameMode       flybird.o
    0x00001eb8   0x00001eb8   0x0000000c   Code   RO         1432    i.SetGameSobel      flybird.o
    0x00001ec4   0x00001ec4   0x0000000c   Code   RO         1433    i.SetPauseMode      flybird.o
    0x00001ed0   0x00001ed0   0x0000002c   Code   RO         1149    i.SetSG90           sg90.o
    0x00001efc   0x00001efc   0x00000006   Code   RO          503    i.SimpleTimer_Init  simple_timer.o
    0x00001f02   0x00001f02   0x0000003a   Code   RO         1196    i.Speech_Init       speech.o
    0x00001f3c   0x00001f3c   0x00000010   Code   RO          281    i.SystemInit        system_cmsdk_cm0.o
    0x00001f4c   0x00001f4c   0x0000000c   Code   RO         1434    i.Third_Custom_Go   flybird.o
    0x00001f58   0x00001f58   0x00000002   Code   RO         1330    i.UARTRX0Handler    handler.o
    0x00001f5a   0x00001f5a   0x00000002   PAD
    0x00001f5c   0x00001f5c   0x00000214   Code   RO         1051    i.UARTRX1Handler    imu.o
    0x00002170   0x00002170   0x00000002   Code   RO         1331    i.UARTRX2Handler    handler.o
    0x00002172   0x00002172   0x00000002   Code   RO         1332    i.UARTTX0Handler    handler.o
    0x00002174   0x00002174   0x00000002   Code   RO         1333    i.UARTTX1Handler    handler.o
    0x00002176   0x00002176   0x00000002   Code   RO         1334    i.UARTTX2Handler    handler.o
    0x00002178   0x00002178   0x00000006   Code   RO          544    i.UART_ClearRxIRQ   cm0_uart.o
    0x0000217e   0x0000217e   0x0000001e   Code   RO          551    i.UART_IRQInit      cm0_uart.o
    0x0000219c   0x0000219c   0x00000050   Code   RO          552    i.UART_Init         cm0_uart.o
    0x000021ec   0x000021ec   0x00000014   Code   RO          555    i.UART_ReceiveByte  cm0_uart.o
    0x00002200   0x00002200   0x0000001e   Code   RO          557    i.UART_SendArray    cm0_uart.o
    0x0000221e   0x0000221e   0x00000010   Code   RO          558    i.UART_SendByte     cm0_uart.o
    0x0000222e   0x0000222e   0x00000002   PAD
    0x00002230   0x00002230   0x00000048   Code   RO         1367    i.delay_ms          systick.o
    0x00002278   0x00002278   0x00000044   Code   RO         1368    i.delay_us          systick.o
    0x000022bc   0x000022bc   0x00000008   Code   RO          974    i.fill_uint16_bigend  music.o
    0x000022c4   0x000022c4   0x000000e4   Code   RO         1282    i.main              main.o
    0x000023a8   0x000023a8   0x00000060   Code   RO          975    i.mp3_Init          music.o
    0x00002408   0x00002408   0x0000001c   Code   RO          976    i.mp3_fill_checksum  music.o
    0x00002424   0x00002424   0x0000001c   Code   RO          977    i.mp3_get_checksum  music.o
    0x00002440   0x00002440   0x00000034   Code   RO          978    i.mp3_send_cmd      music.o
    0x00002474   0x00002474   0x00000018   Code   RO          979    i.send_func         music.o
    0x0000248c   0x0000248c   0x00000054   Code   RO         1666    x$fpl$fleqf         fz_ps.l(flef.o)
    0x000024e0   0x000024e0   0x000000b0   Code   RO         1668    x$fpl$fmul          fz_ps.l(fmul.o)
    0x00002590   0x00002590   0x00000058   Code   RO         1670    x$fpl$frleqf        fz_ps.l(frlef.o)
    0x000025e8   0x000025e8   0x00000000   Code   RO         1679    x$fpl$usenofp       fz_ps.l(usenofp.o)
    0x000025e8   0x000025e8   0x00000acc   Data   RO          810    .constdata          oled.o
    0x000030b4   0x000030b4   0x00000040   Data   RO         1660    .constdata          fz_ps.l(fdiv.o)
    0x000030f4   0x000030f4   0x00000020   Data   RO         1848    Region$$Table       anon$$obj.o


    Execution Region RW_IRAM1 (Exec base: 0x20000000, Load base: 0x00003114, Size: 0x00000890, Max: 0x00004000, ABSOLUTE)

    Exec Addr    Load Addr    Size         Type   Attr      Idx    E Section Name        Object

    0x20000000   0x00003114   0x00000008   Data   RW          282    .data               system_cmsdk_cm0.o
    0x20000008   0x0000311c   0x00000024   Data   RW          689    .data               handcontroller.o
    0x2000002c   0x00003140   0x00000008   Data   RW          981    .data               music.o
    0x20000034   0x00003148   0x00000017   Data   RW         1053    .data               imu.o
    0x2000004b   0x0000315f   0x00000001   Data   RW         1095    .data               microphone.o
    0x2000004c   0x00003160   0x00000010   Data   RW         1150    .data               sg90.o
    0x2000005c   0x00003170   0x00000022   Data   RW         1435    .data               flybird.o
    0x2000007e   0x00003192   0x00000002   PAD
    0x20000080        -       0x00000009   Zero   RW          688    .bss                handcontroller.o
    0x20000089        -       0x00000480   Zero   RW          809    .bss                oled.o
    0x20000509        -       0x0000000a   Zero   RW          980    .bss                music.o
    0x20000513   0x00003192   0x00000001   PAD
    0x20000514        -       0x00000016   Zero   RW         1052    .bss                imu.o
    0x2000052a   0x00003192   0x00000002   PAD
    0x2000052c        -       0x00000060   Zero   RW         1719    .bss                c_p.l(libspace.o)
    0x2000058c   0x00003192   0x00000004   PAD
    0x20000590        -       0x00000100   Zero   RW            2    HEAP                startup_cmsdk_cm0.o
    0x20000690        -       0x00000200   Zero   RW            1    STACK               startup_cmsdk_cm0.o


==============================================================================

Image component sizes


      Code (inc. data)   RO Data    RW Data    ZI Data      Debug   Object Name

       158          0          0          0          0       2986   cm0_gpio.o
       182          4          0          0          0       3657   cm0_uart.o
         0          0          0          0          0      12824   cmsdk_driver.o
      1938        238          0         34          0      15428   flybird.o
       872         70          0         36          9      14410   handcontroller.o
        10          0          0          0          0       1885   handler.o
       840         98          0         23         22       7905   imu.o
       640         94          0          0          0       2388   main.o
       276         42          0          1          0       3223   microphone.o
       820         94          0          8         10       4510   music.o
      1184         26       2764          0       1152       7694   oled.o
       248         46          0         16          0       1619   sg90.o
         6          0          0          0          0        883   simple_timer.o
       306          6          0          0          0      10580   speech.o
       204         28        132          0        768       1420   startup_cmsdk_cm0.o
        16          8          0          8          0        671   system_cmsdk_cm0.o
       140         16          0          0          0       1094   systick.o

    ----------------------------------------------------------------------
      7852        770       2928        128       1964      93177   Object Totals
         0          0         32          0          0          0   (incl. Generated)
        12          0          0          2          3          0   (incl. Padding)

    ----------------------------------------------------------------------

      Code (inc. data)   RO Data    RW Data    ZI Data      Debug   Library Member Name

         8          0          0          0          0         68   __main.o
         0          0          0          0          0          0   __rtentry.o
        12          0          0          0          0          0   __rtentry2.o
         6          0          0          0          0          0   __rtentry4.o
        60          8          0          0          0          0   __scatter.o
        26          0          0          0          0          0   __scatter_copy.o
        28          0          0          0          0          0   __scatter_zi.o
       346          0          0          0          0         92   aeabi_sdiv.o
        16          0          0          0          0         68   exit.o
         6          0          0          0          0        136   heapauxi.o
         0          0          0          0          0          0   indicate_semi.o
         2          0          0          0          0          0   libinit.o
         2          0          0          0          0          0   libinit2.o
         2          0          0          0          0          0   libshutdown.o
         2          0          0          0          0          0   libshutdown2.o
         8          4          0          0         96         68   libspace.o
         2          0          0          0          0          0   rtexit.o
        10          0          0          0          0          0   rtexit2.o
        12          4          0          0          0         60   sys_exit.o
        62          0          0          0          0         80   sys_stackheap_outer.o
         2          0          0          0          0         68   use_no_semi.o
        46          0          0          0          0         60   cmpret.o
       100          4          0          0          0         68   fcmpin.o
       352         10         64          0          0         92   fdiv.o
        48          0          0          0          0         60   ffixui.o
        94          0          0          0          0         92   fflti.o
        84          4          0          0          0         76   flef.o
       176          4          0          0          0         80   fmul.o
        16          6          0          0          0         68   fnan2.o
        88          4          0          0          0         76   frlef.o
        94          0          0          0          0         68   retnan.o
         0          0          0          0          0          0   usenofp.o

    ----------------------------------------------------------------------
      1720         48         64          0        100       1380   Library Totals
        10          0          0          0          4          0   (incl. Padding)

    ----------------------------------------------------------------------

      Code (inc. data)   RO Data    RW Data    ZI Data      Debug   Library Name

       612         16          0          0         96        640   c_p.l
      1098         32         64          0          0        740   fz_ps.l

    ----------------------------------------------------------------------
      1720         48         64          0        100       1380   Library Totals

    ----------------------------------------------------------------------

==============================================================================


      Code (inc. data)   RO Data    RW Data    ZI Data      Debug   

      9572        818       2992        128       2064      89197   Grand Totals
      9572        818       2992        128       2064      89197   ELF Image Totals
      9572        818       2992        128          0          0   ROM Totals

==============================================================================

    Total RO  Size (Code + RO Data)                12564 (  12.27kB)
    Total RW  Size (RW Data + ZI Data)              2192 (   2.14kB)
    Total ROM Size (Code + RO Data + RW Data)      12692 (  12.39kB)

==============================================================================

